EN tbird NULL "//thayerfs/d36937q/Desktop/Digitaldesign/Lab 3/LAB_3_SHELL.vhd" sub00/vhpl02 1373577429
AR tail_light t_bird //thayerfs/d36937q/Desktop/Digitaldesign/Lab2/lab2prob5taillight/tail_light.vhd sub00/vhpl01 1373574766
EN tail_light NULL //thayerfs/d36937q/Desktop/Digitaldesign/Lab2/lab2prob5taillight/tail_light.vhd sub00/vhpl00 1373574765
AR tbird behavioral "//thayerfs/d36937q/Desktop/Digitaldesign/Lab 3/LAB_3_SHELL.vhd" sub00/vhpl03 1373577430
