AR bram_hlsm behavioral //thayerfs/d36937q/network_digitaldesign/DigitalDesign/finallab/bram_hlsm.vhd sub00/vhpl07 1375815373
EN brg NULL //thayerfs/d36937q/network_digitaldesign/DigitalDesign/finallab/brg.vhd sub00/vhpl00 1375815366
EN bram_hlsm NULL //thayerfs/d36937q/network_digitaldesign/DigitalDesign/finallab/bram_hlsm.vhd sub00/vhpl06 1375815372
EN serialrx NULL //thayerfs/d36937q/network_digitaldesign/DigitalDesign/finallab/SerialRX.vhd sub00/vhpl02 1375815368
EN serialtx NULL //thayerfs/d36937q/network_digitaldesign/DigitalDesign/finallab/SerialTx2.vhd sub00/vhpl04 1375815370
EN lab4 NULL //thayerfs/d36937q/network_digitaldesign/DigitalDesign/finallab/Lab4.vhd sub00/vhpl12 1375815378
EN debounce NULL //thayerfs/d36937q/network_digitaldesign/DigitalDesign/finallab/debounce.vhd sub00/vhpl10 1375815376
AR lab4 behavioral //thayerfs/d36937q/network_digitaldesign/DigitalDesign/finallab/Lab4.vhd sub00/vhpl13 1375815379
AR debounce logic //thayerfs/d36937q/network_digitaldesign/DigitalDesign/finallab/debounce.vhd sub00/vhpl11 1375815377
AR lab5_mem_bn lab5_mem_bn_a //thayerfs/d36937q/network_digitaldesign/DigitalDesign/finallab/ipcore_dir/lab5_mem_BN.vhd sub00/vhpl09 1375815375
AR serialtx behavioral //thayerfs/d36937q/network_digitaldesign/DigitalDesign/finallab/SerialTx2.vhd sub00/vhpl05 1375815371
AR brg behavioral //thayerfs/d36937q/network_digitaldesign/DigitalDesign/finallab/brg.vhd sub00/vhpl01 1375815367
AR serialrx behavioral //thayerfs/d36937q/network_digitaldesign/DigitalDesign/finallab/SerialRX.vhd sub00/vhpl03 1375815369
EN lab5_mem_bn NULL //thayerfs/d36937q/network_digitaldesign/DigitalDesign/finallab/ipcore_dir/lab5_mem_BN.vhd sub00/vhpl08 1375815374
