V3 3
FL //thayerfs/d36937q/Desktop/Digitaldesign/Postlab2/TwoBitUpDownCtr[1].vhd 2013/07/09.20:06:57 P.49d
EN work/TwoBitUpDownCtr 1373414904 \
      FL //thayerfs/d36937q/Desktop/Digitaldesign/Postlab2/TwoBitUpDownCtr[1].vhd \
      PB ieee/std_logic_1164 1354696159 PB ieee/NUMERIC_STD 1354696164
AR work/TwoBitUpDownCtr/Behavioral 1373414905 \
      FL //thayerfs/d36937q/Desktop/Digitaldesign/Postlab2/TwoBitUpDownCtr[1].vhd \
      EN work/TwoBitUpDownCtr 1373414904
