V3 3
FL "//thayerfs/d36937q/Desktop/Digitaldesign/Lab 3/lab3prob2_test/writstwatch.vhd" 2013/07/17.00:04:25 P.49d
EN work/wristwatch_display 0 \
      FL "//thayerfs/d36937q/Desktop/Digitaldesign/Lab 3/lab3prob2_test/writstwatch.vhd" \
      PB ieee/std_logic_1164 1354696159 PB ieee/NUMERIC_STD 1354696164
AR work/wristwatch_display/Behavioral 0 \
      FL "//thayerfs/d36937q/Desktop/Digitaldesign/Lab 3/lab3prob2_test/writstwatch.vhd" \
      EN work/wristwatch_display 0
