V3 28
FL C:/Users/d36937q/Desktop/LAB_LOCAL_8-6/finallab/bram_hlsm.vhd 2013/08/06.22:01:21 P.49d
EN work/bram_hlsm 1375840904 \
      FL C:/Users/d36937q/Desktop/LAB_LOCAL_8-6/finallab/bram_hlsm.vhd \
      PB ieee/std_logic_1164 1354696159 PB ieee/NUMERIC_STD 1354696164
AR work/bram_hlsm/Behavioral 1375840905 \
      FL C:/Users/d36937q/Desktop/LAB_LOCAL_8-6/finallab/bram_hlsm.vhd \
      EN work/bram_hlsm 1375840904
FL C:/Users/d36937q/Desktop/LAB_LOCAL_8-6/finallab/brg.vhd 2013/07/30.15:45:34 P.49d
EN work/brg 1375840898 FL C:/Users/d36937q/Desktop/LAB_LOCAL_8-6/finallab/brg.vhd \
      PB ieee/std_logic_1164 1354696159 PB ieee/NUMERIC_STD 1354696164
AR work/brg/Behavioral 1375840899 \
      FL C:/Users/d36937q/Desktop/LAB_LOCAL_8-6/finallab/brg.vhd EN work/brg 1375840898
FL C:/Users/d36937q/Desktop/LAB_LOCAL_8-6/finallab/debounce.vhd 2013/08/06.20:12:40 P.49d
EN work/debounce 1375840908 \
      FL C:/Users/d36937q/Desktop/LAB_LOCAL_8-6/finallab/debounce.vhd \
      PB ieee/std_logic_1164 1354696159 PB ieee/STD_LOGIC_UNSIGNED 1354696162
AR work/debounce/logic 1375840909 \
      FL C:/Users/d36937q/Desktop/LAB_LOCAL_8-6/finallab/debounce.vhd \
      EN work/debounce 1375840908
FL C:/Users/d36937q/Desktop/LAB_LOCAL_8-6/finallab/Lab4.vhd 2013/08/06.20:53:57 P.49d
EN work/Lab4 1375840910 \
      FL C:/Users/d36937q/Desktop/LAB_LOCAL_8-6/finallab/Lab4.vhd \
      PB ieee/std_logic_1164 1354696159
AR work/Lab4/Behavioral 1375840911 \
      FL C:/Users/d36937q/Desktop/LAB_LOCAL_8-6/finallab/Lab4.vhd EN work/Lab4 1375840910 \
      CP brg CP SerialRX CP SerialTX CP mux7seg CP bram_hlsm CP ubernewBRAM \
      CP debounce
FL C:/Users/d36937q/Desktop/LAB_LOCAL_8-6/finallab/SerialRX.vhd 2013/07/30.15:48:33 P.49d
EN work/SerialRX 1375840900 \
      FL C:/Users/d36937q/Desktop/LAB_LOCAL_8-6/finallab/SerialRX.vhd \
      PB ieee/std_logic_1164 1354696159 PB ieee/NUMERIC_STD 1354696164
AR work/SerialRX/Behavioral 1375840901 \
      FL C:/Users/d36937q/Desktop/LAB_LOCAL_8-6/finallab/SerialRX.vhd \
      EN work/SerialRX 1375840900
FL C:/Users/d36937q/Desktop/LAB_LOCAL_8-6/finallab/SerialTx2.vhd 2013/07/30.15:48:56 P.49d
EN work/SerialTx 1375840902 \
      FL C:/Users/d36937q/Desktop/LAB_LOCAL_8-6/finallab/SerialTx2.vhd \
      PB ieee/std_logic_1164 1354696159 PB ieee/NUMERIC_STD 1354696164
AR work/SerialTx/Behavioral 1375840903 \
      FL C:/Users/d36937q/Desktop/LAB_LOCAL_8-6/finallab/SerialTx2.vhd \
      EN work/SerialTx 1375840902
FL C:/Users/d36937q/Desktop/LAB_LOCAL_8-6/proj_new1/ubernewBRAM.vhd 2013/08/06.20:49:26 P.49d
EN work/ubernewBRAM 1375840906 \
      FL C:/Users/d36937q/Desktop/LAB_LOCAL_8-6/proj_new1/ubernewBRAM.vhd \
      PB ieee/std_logic_1164 1354696159
AR work/ubernewBRAM/ubernewBRAM_a 1375840907 \
      FL C:/Users/d36937q/Desktop/LAB_LOCAL_8-6/proj_new1/ubernewBRAM.vhd \
      EN work/ubernewBRAM 1375840906
