EN brg NULL "//thayerfs/d36937q/Desktop/Digitaldesign/Lab 3/Lab4/brg.vhd" sub00/vhpl00 1374694194
EN serialrx NULL "//thayerfs/d36937q/Desktop/Digitaldesign/Lab 3/Lab4/SerialRX.vhd" sub00/vhpl02 1374714068
EN lab4 NULL "//thayerfs/d36937q/Desktop/Digitaldesign/Lab 3/Lab4/Lab4.vhd" sub00/vhpl04 1374714070
AR lab4 behavioral "//thayerfs/d36937q/Desktop/Digitaldesign/Lab 3/Lab4/Lab4.vhd" sub00/vhpl05 1374714071
AR brg behavioral "//thayerfs/d36937q/Desktop/Digitaldesign/Lab 3/Lab4/brg.vhd" sub00/vhpl01 1374694195
AR serialrx behavioral "//thayerfs/d36937q/Desktop/Digitaldesign/Lab 3/Lab4/SerialRX.vhd" sub00/vhpl03 1374714069
