V3 11
FL "//thayerfs/d36937q/Desktop/Digitaldesign/Lab 3/Lab4/brg.vhd" 2013/07/24.15:29:50 P.49d
EN work/brg 1374694194 \
      FL "//thayerfs/d36937q/Desktop/Digitaldesign/Lab 3/Lab4/brg.vhd" \
      PB ieee/std_logic_1164 1354696159 PB ieee/NUMERIC_STD 1354696164
AR work/brg/Behavioral 1374694195 \
      FL "//thayerfs/d36937q/Desktop/Digitaldesign/Lab 3/Lab4/brg.vhd" \
      EN work/brg 1374694194
FL "//thayerfs/d36937q/Desktop/Digitaldesign/Lab 3/Lab4/Lab4.vhd" 2013/07/24.20:59:56 P.49d
EN work/Lab4 1374714070 \
      FL "//thayerfs/d36937q/Desktop/Digitaldesign/Lab 3/Lab4/Lab4.vhd" \
      PB ieee/std_logic_1164 1354696159
AR work/Lab4/Behavioral 1374714071 \
      FL "//thayerfs/d36937q/Desktop/Digitaldesign/Lab 3/Lab4/Lab4.vhd" \
      EN work/Lab4 1374714070 CP br_gen CP SerialRX
FL "//thayerfs/d36937q/Desktop/Digitaldesign/Lab 3/Lab4/SerialRX.vhd" 2013/07/24.20:34:09 P.49d
EN work/SerialRX 1374714068 \
      FL "//thayerfs/d36937q/Desktop/Digitaldesign/Lab 3/Lab4/SerialRX.vhd" \
      PB ieee/std_logic_1164 1354696159 PB ieee/NUMERIC_STD 1354696164
AR work/SerialRX/Behavioral 1374714069 \
      FL "//thayerfs/d36937q/Desktop/Digitaldesign/Lab 3/Lab4/SerialRX.vhd" \
      EN work/SerialRX 1374714068
