V3 3
FL //thayerfs/d36937q/Desktop/Digitaldesign/myfirstproject/decoder2to4.vhd 2013/07/09.19:03:33 P.49d
EN work/decoder2to4 1373411075 \
      FL //thayerfs/d36937q/Desktop/Digitaldesign/myfirstproject/decoder2to4.vhd \
      PB ieee/std_logic_1164 1354696159
AR work/decoder2to4/Behavioral 1373411076 \
      FL //thayerfs/d36937q/Desktop/Digitaldesign/myfirstproject/decoder2to4.vhd \
      EN work/decoder2to4 1373411075
