Release 14.4 - xst P.49d (nt64)
Copyright (c) 1995-2012 Xilinx, Inc.  All rights reserved.
--> Parameter TMPDIR set to xst/projnav.tmp


Total REAL time to Xst completion: 0.00 secs
Total CPU time to Xst completion: 0.08 secs
 
--> Parameter xsthdpdir set to xst


Total REAL time to Xst completion: 0.00 secs
Total CPU time to Xst completion: 0.08 secs
 
--> Reading design: topleveltuner.prj

TABLE OF CONTENTS
  1) Synthesis Options Summary
  2) HDL Compilation
  3) Design Hierarchy Analysis
  4) HDL Analysis
  5) HDL Synthesis
     5.1) HDL Synthesis Report
  6) Advanced HDL Synthesis
     6.1) Advanced HDL Synthesis Report
  7) Low Level Synthesis
  8) Partition Report
  9) Final Report
	9.1) Device utilization summary
	9.2) Partition Resource Summary
	9.3) TIMING REPORT


=========================================================================
*                      Synthesis Options Summary                        *
=========================================================================
---- Source Parameters
Input File Name                    : "topleveltuner.prj"
Input Format                       : mixed
Ignore Synthesis Constraint File   : NO

---- Target Parameters
Output File Name                   : "topleveltuner"
Output Format                      : NGC
Target Device                      : xc3s100e-4-cp132

---- Source Options
Top Module Name                    : topleveltuner
Automatic FSM Extraction           : YES
FSM Encoding Algorithm             : Auto
Safe Implementation                : No
FSM Style                          : LUT
RAM Extraction                     : Yes
RAM Style                          : Auto
ROM Extraction                     : Yes
Mux Style                          : Auto
Decoder Extraction                 : YES
Priority Encoder Extraction        : Yes
Shift Register Extraction          : YES
Logical Shifter Extraction         : YES
XOR Collapsing                     : YES
ROM Style                          : Auto
Mux Extraction                     : Yes
Resource Sharing                   : YES
Asynchronous To Synchronous        : NO
Multiplier Style                   : Auto
Automatic Register Balancing       : No

---- Target Options
Add IO Buffers                     : YES
Global Maximum Fanout              : 500
Add Generic Clock Buffer(BUFG)     : 24
Register Duplication               : YES
Slice Packing                      : YES
Optimize Instantiated Primitives   : NO
Use Clock Enable                   : Yes
Use Synchronous Set                : Yes
Use Synchronous Reset              : Yes
Pack IO Registers into IOBs        : Auto
Equivalent register Removal        : YES

---- General Options
Optimization Goal                  : Speed
Optimization Effort                : 1
Keep Hierarchy                     : No
Netlist Hierarchy                  : As_Optimized
RTL Output                         : Yes
Global Optimization                : AllClockNets
Read Cores                         : YES
Write Timing Constraints           : NO
Cross Clock Analysis               : NO
Hierarchy Separator                : /
Bus Delimiter                      : <>
Case Specifier                     : Maintain
Slice Utilization Ratio            : 100
BRAM Utilization Ratio             : 100
Verilog 2001                       : YES
Auto BRAM Packing                  : NO
Slice Utilization Ratio Delta      : 5

=========================================================================


=========================================================================
*                          HDL Compilation                              *
=========================================================================
Compiling vhdl file "C:/loc821/controller.vhd" in Library work.
Architecture behavioral of Entity controller is up to date.
Compiling vhdl file "C:/loc821/SerialRX.vhd" in Library work.
Architecture behavioral of Entity serialrx is up to date.
Compiling vhdl file "C:/loc821/fSCLK_GEN.vhd" in Library work.
Architecture behavioral of Entity fsclk_gen is up to date.
Compiling vhdl file "C:/loc821/freqcalc.vhd" in Library work.
Architecture behavioral of Entity freqcalc is up to date.
Compiling vhdl file "C:/loc821/comparator.vhd" in Library work.
Entity <comparator> compiled.
Entity <comparator> (Architecture <behavioral>) compiled.
Compiling vhdl file "C:/loc821/s_rate_GEN.vhd" in Library work.
Architecture behavioral of Entity s_rate_gen is up to date.
Compiling vhdl file "C:/loc821/topleveltuner.vhd" in Library work.
Architecture behavioral of Entity topleveltuner is up to date.

=========================================================================
*                     Design Hierarchy Analysis                         *
=========================================================================
Analyzing hierarchy for entity <topleveltuner> in library <work> (architecture <behavioral>).

Analyzing hierarchy for entity <controller> in library <work> (architecture <behavioral>).

Analyzing hierarchy for entity <SerialRX> in library <work> (architecture <behavioral>).

Analyzing hierarchy for entity <fSCLK_GEN> in library <work> (architecture <behavioral>).

Analyzing hierarchy for entity <freqcalc> in library <work> (architecture <behavioral>).

Analyzing hierarchy for entity <comparator> in library <work> (architecture <behavioral>).

Analyzing hierarchy for entity <s_rate_GEN> in library <work> (architecture <behavioral>).


=========================================================================
*                            HDL Analysis                               *
=========================================================================
Analyzing Entity <topleveltuner> in library <work> (Architecture <behavioral>).
Entity <topleveltuner> analyzed. Unit <topleveltuner> generated.

Analyzing Entity <controller> in library <work> (Architecture <behavioral>).
Entity <controller> analyzed. Unit <controller> generated.

Analyzing Entity <SerialRX> in library <work> (Architecture <behavioral>).
Entity <SerialRX> analyzed. Unit <SerialRX> generated.

Analyzing Entity <fSCLK_GEN> in library <work> (Architecture <behavioral>).
Entity <fSCLK_GEN> analyzed. Unit <fSCLK_GEN> generated.

Analyzing Entity <freqcalc> in library <work> (Architecture <behavioral>).
INFO:Xst:2679 - Register <BigCount> in unit <freqcalc> has a constant value of 00000000000000000000000000000000 during circuit operation. The register is replaced by logic.
Entity <freqcalc> analyzed. Unit <freqcalc> generated.

Analyzing Entity <comparator> in library <work> (Architecture <behavioral>).
WARNING:Xst:1610 - "C:/loc821/comparator.vhd" line 120: Width mismatch. <acc_sig> has a width of 54 bits but assigned expression is 100-bit wide.
Entity <comparator> analyzed. Unit <comparator> generated.

Analyzing Entity <s_rate_GEN> in library <work> (Architecture <behavioral>).
Entity <s_rate_GEN> analyzed. Unit <s_rate_GEN> generated.


=========================================================================
*                           HDL Synthesis                               *
=========================================================================

Performing bidirectional port resolution...
INFO:Xst:2679 - Register <BigCount_TC> in unit <freqcalc> has a constant value of 0 during circuit operation. The register is replaced by logic.

Synthesizing Unit <controller>.
    Related source file is "C:/loc821/controller.vhd".
WARNING:Xst:1305 - Output <note7seg> is never assigned. Tied to value 0000000.
WARNING:Xst:1305 - Output <acc7seg> is never assigned. Tied to value 0000000.
WARNING:Xst:647 - Input <stringsel> is never used. This port will be preserved and left unconnected if it belongs to a top-level block or it belongs to a sub-block and the hierarchy of this sub-block is preserved.
    Found finite state machine <FSM_0> for signal <PS>.
    -----------------------------------------------------------------------
    | States             | 11                                             |
    | Transitions        | 31                                             |
    | Inputs             | 8                                              |
    | Outputs            | 9                                              |
    | Clock              | CLK                       (rising_edge)        |
    | Power Up State     | hold                                           |
    | Encoding           | automatic                                      |
    | Implementation     | LUT                                            |
    -----------------------------------------------------------------------
    Found 12-bit comparator greater for signal <PS$cmp_gt0000> created at line 156.
    Found 12-bit comparator greater for signal <PS$cmp_gt0001> created at line 231.
    Found 12-bit comparator greater for signal <PS$cmp_gt0002> created at line 242.
    Summary:
	inferred   1 Finite State Machine(s).
	inferred   3 Comparator(s).
Unit <controller> synthesized.


Synthesizing Unit <SerialRX>.
    Related source file is "C:/loc821/SerialRX.vhd".
WARNING:Xst:646 - Signal <shreg<15>> is assigned but never used. This unconnected signal will be trimmed during the optimization process.
    Found finite state machine <FSM_1> for signal <curr_state>.
    -----------------------------------------------------------------------
    | States             | 3                                              |
    | Transitions        | 6                                              |
    | Inputs             | 2                                              |
    | Outputs            | 3                                              |
    | Clock              | fSCLK                     (rising_edge)        |
    | Power Up State     | off                                            |
    | Encoding           | automatic                                      |
    | Implementation     | LUT                                            |
    -----------------------------------------------------------------------
    Found 4-bit up counter for signal <fSCLK_count>.
    Found 12-bit register for signal <preg>.
    Found 1-bit register for signal <SB_STOPBIT>.
    Found 4-bit up counter for signal <shift_count>.
    Found 16-bit register for signal <shreg>.
    Found 1-bit register for signal <SyncReg>.
    Summary:
	inferred   1 Finite State Machine(s).
	inferred   2 Counter(s).
	inferred  30 D-type flip-flop(s).
Unit <SerialRX> synthesized.


Synthesizing Unit <freqcalc>.
    Related source file is "C:/loc821/freqcalc.vhd".
WARNING:Xst:646 - Signal <TEMP<51:48>> is assigned but never used. This unconnected signal will be trimmed during the optimization process.
WARNING:Xst:646 - Signal <BC_CLR> is assigned but never used. This unconnected signal will be trimmed during the optimization process.
    Found 1-bit register for signal <NOSIGNAL>.
    Found 48x6-bit multiplier for signal <PULSE_PER>.
    Found 48-bit up counter for signal <CurrCount>.
    Found 48-bit register for signal <NumTicks>.
    Found 48-bit subtractor for signal <NumTicks$addsub0000> created at line 93.
    Found 48-bit comparator greater for signal <NumTicks$cmp_gt0000> created at line 94.
    Found 48-bit comparator less for signal <NumTicks$cmp_lt0000> created at line 90.
    Found 48-bit 4-to-1 multiplexer for signal <NumTicks$mux0003>.
    Found 48-bit register for signal <PrevCount>.
    Found 52-bit register for signal <TEMP>.
    Found 52-bit adder for signal <TEMP$add0000> created at line 97.
    Found 52-bit adder for signal <TEMP$addsub0000> created at line 97.
    Found 48-bit comparator lessequal for signal <TEMP$cmp_le0000> created at line 94.
    Summary:
	inferred   1 Counter(s).
	inferred 149 D-type flip-flop(s).
	inferred   3 Adder/Subtractor(s).
	inferred   1 Multiplier(s).
	inferred   3 Comparator(s).
	inferred  48 Multiplexer(s).
Unit <freqcalc> synthesized.


Synthesizing Unit <comparator>.
    Related source file is "C:/loc821/comparator.vhd".
WARNING:Xst:647 - Input <no_signal> is never used. This port will be preserved and left unconnected if it belongs to a top-level block or it belongs to a sub-block and the hierarchy of this sub-block is preserved.
WARNING:Xst:653 - Signal <datasig> is used but never assigned. This sourceless signal will be automatically connected to value 000000000000000000000000000000000000000000000000000000.
WARNING:Xst:646 - Signal <acc_sig> is assigned but never used. This unconnected signal will be trimmed during the optimization process.
    Found 8-bit register for signal <LEDs>.
    Found 4-bit up counter for signal <acc_count>.
    Found 100-bit up accumulator for signal <acc_temp>.
    Found 54-bit comparator greater for signal <LEDs$cmp_lt0000> created at line 153.
    Found 54-bit comparator greater for signal <LEDs$cmp_lt0001> created at line 154.
    Summary:
	inferred   1 Counter(s).
	inferred   1 Accumulator(s).
	inferred   8 D-type flip-flop(s).
	inferred   2 Comparator(s).
Unit <comparator> synthesized.


Synthesizing Unit <s_rate_GEN>.
    Related source file is "C:/loc821/s_rate_GEN.vhd".
    Found 1-bit register for signal <starttick>.
    Found 9-bit up counter for signal <srcount>.
    Found 9-bit comparator greatequal for signal <srcount$cmp_ge0000> created at line 53.
    Summary:
	inferred   1 Counter(s).
	inferred   1 D-type flip-flop(s).
	inferred   1 Comparator(s).
Unit <s_rate_GEN> synthesized.


Synthesizing Unit <fSCLK_GEN>.
    Related source file is "C:/loc821/fSCLK_GEN.vhd".
    Found 1-bit register for signal <fSCLK_sig>.
    Summary:
	inferred   1 D-type flip-flop(s).
Unit <fSCLK_GEN> synthesized.


Synthesizing Unit <topleveltuner>.
    Related source file is "C:/loc821/topleveltuner.vhd".
Unit <topleveltuner> synthesized.


=========================================================================
HDL Synthesis Report

Macro Statistics
# Multipliers                                          : 1
 48x6-bit multiplier                                   : 1
# Adders/Subtractors                                   : 3
 48-bit subtractor                                     : 1
 52-bit adder                                          : 2
# Counters                                             : 4
 4-bit up counter                                      : 2
 48-bit up counter                                     : 1
 9-bit up counter                                      : 1
# Registers                                            : 11
 1-bit register                                        : 5
 12-bit register                                       : 1
 16-bit register                                       : 1
 48-bit register                                       : 2
 52-bit register                                       : 1
 8-bit register                                        : 1
# Comparators                                          : 9
 12-bit comparator greater                             : 3
 48-bit comparator greater                             : 1
 48-bit comparator less                                : 1
 48-bit comparator lessequal                           : 1
 54-bit comparator greater                             : 2
 9-bit comparator greatequal                           : 1
# Multiplexers                                         : 1
 48-bit 4-to-1 multiplexer                             : 1

=========================================================================

=========================================================================
*                       Advanced HDL Synthesis                          *
=========================================================================

Analyzing FSM <FSM_1> for best encoding.
Optimizing FSM <serialreciever/curr_state/FSM> on signal <curr_state[1:2]> with user encoding.
--------------------
 State  | Encoding
--------------------
 off    | 00
 shift  | 01
 output | 10
--------------------
Analyzing FSM <FSM_0> for best encoding.
Optimizing FSM <control/PS/FSM> on signal <PS[1:4]> with user encoding.
-----------------------------
 State           | Encoding
-----------------------------
 hold            | 0000
 init_samp_start | 0001
 init_rx_wait    | 0010
 init_comp       | 0011
 h_samp_wait     | 0100
 l_samp_wait     | 0101
 h_rx_wait       | 0110
 l_rx_wait       | 0111
 h_comp          | 1000
 l_comp          | 1001
 no_signal       | 1010
-----------------------------
INFO:Xst:2261 - The FF/Latch <LEDs_0> in Unit <compare> is equivalent to the following FF/Latch, which will be removed : <LEDs_1> 
INFO:Xst:2261 - The FF/Latch <LEDs_6> in Unit <compare> is equivalent to the following FF/Latch, which will be removed : <LEDs_7> 
INFO:Xst:2261 - The FF/Latch <LEDs_2> in Unit <compare> is equivalent to the following 3 FFs/Latches, which will be removed : <LEDs_3> <LEDs_4> <LEDs_5> 
WARNING:Xst:2677 - Node <shreg_12> of sequential type is unconnected in block <serialreciever>.
WARNING:Xst:2677 - Node <shreg_13> of sequential type is unconnected in block <serialreciever>.
WARNING:Xst:2677 - Node <shreg_14> of sequential type is unconnected in block <serialreciever>.
WARNING:Xst:2677 - Node <shreg_15> of sequential type is unconnected in block <serialreciever>.

Synthesizing (advanced) Unit <freqcalc>.
	Found pipelined multiplier on signal <PULSE_PER>:
		- 1 pipeline level(s) found in a register on signal <NumTicks>.
		Pushing register(s) into the multiplier macro.
INFO:Xst:2385 - HDL ADVISOR - You can improve the performance of the multiplier Mmult_PULSE_PER by adding 3 register level(s).
Unit <freqcalc> synthesized (advanced).
WARNING:Xst:2677 - Node <shreg_12> of sequential type is unconnected in block <SerialRX>.
WARNING:Xst:2677 - Node <shreg_13> of sequential type is unconnected in block <SerialRX>.
WARNING:Xst:2677 - Node <shreg_14> of sequential type is unconnected in block <SerialRX>.
WARNING:Xst:2677 - Node <shreg_15> of sequential type is unconnected in block <SerialRX>.
WARNING:Xst:2677 - Node <TEMP_48> of sequential type is unconnected in block <freqcalc>.
WARNING:Xst:2677 - Node <TEMP_49> of sequential type is unconnected in block <freqcalc>.
WARNING:Xst:2677 - Node <TEMP_50> of sequential type is unconnected in block <freqcalc>.
WARNING:Xst:2677 - Node <TEMP_51> of sequential type is unconnected in block <freqcalc>.

=========================================================================
Advanced HDL Synthesis Report

Macro Statistics
# FSMs                                                 : 2
# Multipliers                                          : 1
 48x6-bit registered multiplier                        : 1
# Adders/Subtractors                                   : 3
 48-bit subtractor                                     : 1
 52-bit adder                                          : 2
# Counters                                             : 3
 4-bit up counter                                      : 1
 48-bit up counter                                     : 1
 9-bit up counter                                      : 1
# Registers                                            : 133
 Flip-Flops                                            : 133
# Comparators                                          : 9
 12-bit comparator greater                             : 3
 48-bit comparator greater                             : 1
 48-bit comparator less                                : 1
 48-bit comparator lessequal                           : 1
 54-bit comparator greater                             : 2
 9-bit comparator greatequal                           : 1
# Multiplexers                                         : 1
 48-bit 4-to-1 multiplexer                             : 1

=========================================================================

=========================================================================
*                         Low Level Synthesis                           *
=========================================================================
INFO:Xst:2261 - The FF/Latch <LEDs_0> in Unit <comparator> is equivalent to the following FF/Latch, which will be removed : <LEDs_1> 
INFO:Xst:2261 - The FF/Latch <LEDs_6> in Unit <comparator> is equivalent to the following FF/Latch, which will be removed : <LEDs_7> 
INFO:Xst:2261 - The FF/Latch <LEDs_2> in Unit <comparator> is equivalent to the following 3 FFs/Latches, which will be removed : <LEDs_3> <LEDs_4> <LEDs_5> 

Optimizing unit <topleveltuner> ...

Optimizing unit <controller> ...

Optimizing unit <SerialRX> ...

Optimizing unit <freqcalc> ...

Optimizing unit <comparator> ...
WARNING:Xst:2677 - Node <calcfreq/Mmult_PULSE_PER_submult_1> of sequential type is unconnected in block <topleveltuner>.
WARNING:Xst:2677 - Node <calcfreq/Mmult_PULSE_PER_submult_01> of sequential type is unconnected in block <topleveltuner>.
WARNING:Xst:2677 - Node <calcfreq/Mmult_PULSE_PER_submult_0> of sequential type is unconnected in block <topleveltuner>.
WARNING:Xst:2677 - Node <calcfreq/TEMP_47> of sequential type is unconnected in block <topleveltuner>.
WARNING:Xst:2677 - Node <calcfreq/TEMP_46> of sequential type is unconnected in block <topleveltuner>.
WARNING:Xst:2677 - Node <calcfreq/TEMP_45> of sequential type is unconnected in block <topleveltuner>.
WARNING:Xst:2677 - Node <calcfreq/TEMP_44> of sequential type is unconnected in block <topleveltuner>.
WARNING:Xst:2677 - Node <calcfreq/TEMP_43> of sequential type is unconnected in block <topleveltuner>.
WARNING:Xst:2677 - Node <calcfreq/TEMP_42> of sequential type is unconnected in block <topleveltuner>.
WARNING:Xst:2677 - Node <calcfreq/TEMP_41> of sequential type is unconnected in block <topleveltuner>.
WARNING:Xst:2677 - Node <calcfreq/TEMP_40> of sequential type is unconnected in block <topleveltuner>.
WARNING:Xst:2677 - Node <calcfreq/TEMP_39> of sequential type is unconnected in block <topleveltuner>.
WARNING:Xst:2677 - Node <calcfreq/TEMP_38> of sequential type is unconnected in block <topleveltuner>.
WARNING:Xst:2677 - Node <calcfreq/TEMP_37> of sequential type is unconnected in block <topleveltuner>.
WARNING:Xst:2677 - Node <calcfreq/TEMP_36> of sequential type is unconnected in block <topleveltuner>.
WARNING:Xst:2677 - Node <calcfreq/TEMP_35> of sequential type is unconnected in block <topleveltuner>.
WARNING:Xst:2677 - Node <calcfreq/TEMP_34> of sequential type is unconnected in block <topleveltuner>.
WARNING:Xst:2677 - Node <calcfreq/TEMP_33> of sequential type is unconnected in block <topleveltuner>.
WARNING:Xst:2677 - Node <calcfreq/TEMP_32> of sequential type is unconnected in block <topleveltuner>.
WARNING:Xst:2677 - Node <calcfreq/TEMP_31> of sequential type is unconnected in block <topleveltuner>.
WARNING:Xst:2677 - Node <calcfreq/TEMP_30> of sequential type is unconnected in block <topleveltuner>.
WARNING:Xst:2677 - Node <calcfreq/TEMP_29> of sequential type is unconnected in block <topleveltuner>.
WARNING:Xst:2677 - Node <calcfreq/TEMP_28> of sequential type is unconnected in block <topleveltuner>.
WARNING:Xst:2677 - Node <calcfreq/TEMP_27> of sequential type is unconnected in block <topleveltuner>.
WARNING:Xst:2677 - Node <calcfreq/TEMP_26> of sequential type is unconnected in block <topleveltuner>.
WARNING:Xst:2677 - Node <calcfreq/TEMP_25> of sequential type is unconnected in block <topleveltuner>.
WARNING:Xst:2677 - Node <calcfreq/TEMP_24> of sequential type is unconnected in block <topleveltuner>.
WARNING:Xst:2677 - Node <calcfreq/TEMP_23> of sequential type is unconnected in block <topleveltuner>.
WARNING:Xst:2677 - Node <calcfreq/TEMP_22> of sequential type is unconnected in block <topleveltuner>.
WARNING:Xst:2677 - Node <calcfreq/TEMP_21> of sequential type is unconnected in block <topleveltuner>.
WARNING:Xst:2677 - Node <calcfreq/TEMP_20> of sequential type is unconnected in block <topleveltuner>.
WARNING:Xst:2677 - Node <calcfreq/TEMP_19> of sequential type is unconnected in block <topleveltuner>.
WARNING:Xst:2677 - Node <calcfreq/TEMP_18> of sequential type is unconnected in block <topleveltuner>.
WARNING:Xst:2677 - Node <calcfreq/TEMP_17> of sequential type is unconnected in block <topleveltuner>.
WARNING:Xst:2677 - Node <calcfreq/TEMP_16> of sequential type is unconnected in block <topleveltuner>.
WARNING:Xst:2677 - Node <calcfreq/TEMP_15> of sequential type is unconnected in block <topleveltuner>.
WARNING:Xst:2677 - Node <calcfreq/TEMP_14> of sequential type is unconnected in block <topleveltuner>.
WARNING:Xst:2677 - Node <calcfreq/TEMP_13> of sequential type is unconnected in block <topleveltuner>.
WARNING:Xst:2677 - Node <calcfreq/TEMP_12> of sequential type is unconnected in block <topleveltuner>.
WARNING:Xst:2677 - Node <calcfreq/TEMP_11> of sequential type is unconnected in block <topleveltuner>.
WARNING:Xst:2677 - Node <calcfreq/TEMP_10> of sequential type is unconnected in block <topleveltuner>.
WARNING:Xst:2677 - Node <calcfreq/TEMP_9> of sequential type is unconnected in block <topleveltuner>.
WARNING:Xst:2677 - Node <calcfreq/TEMP_8> of sequential type is unconnected in block <topleveltuner>.
WARNING:Xst:2677 - Node <calcfreq/TEMP_7> of sequential type is unconnected in block <topleveltuner>.
WARNING:Xst:2677 - Node <calcfreq/TEMP_6> of sequential type is unconnected in block <topleveltuner>.
WARNING:Xst:2677 - Node <calcfreq/TEMP_5> of sequential type is unconnected in block <topleveltuner>.
WARNING:Xst:2677 - Node <calcfreq/TEMP_4> of sequential type is unconnected in block <topleveltuner>.
WARNING:Xst:2677 - Node <calcfreq/TEMP_3> of sequential type is unconnected in block <topleveltuner>.
WARNING:Xst:2677 - Node <calcfreq/TEMP_2> of sequential type is unconnected in block <topleveltuner>.
WARNING:Xst:2677 - Node <calcfreq/TEMP_1> of sequential type is unconnected in block <topleveltuner>.
WARNING:Xst:2677 - Node <calcfreq/TEMP_0> of sequential type is unconnected in block <topleveltuner>.

Mapping all equations...
Building and optimizing final netlist ...
Found area constraint ratio of 100 (+ 5) on block topleveltuner, actual ratio is 16.
FlipFlop compare/LEDs_6 has been replicated 1 time(s) to handle iob=true attribute.
FlipFlop compare/LEDs_2 has been replicated 3 time(s) to handle iob=true attribute.
FlipFlop compare/LEDs_0 has been replicated 1 time(s) to handle iob=true attribute.

Final Macro Processing ...

=========================================================================
Final Register Report

Macro Statistics
# Registers                                            : 152
 Flip-Flops                                            : 152

=========================================================================

=========================================================================
*                           Partition Report                            *
=========================================================================

Partition Implementation Status
-------------------------------

  No Partitions were found in this design.

-------------------------------

=========================================================================
*                            Final Report                               *
=========================================================================
Final Results
RTL Top Level Output File Name     : topleveltuner.ngr
Top Level Output File Name         : topleveltuner
Output Format                      : NGC
Optimization Goal                  : Speed
Keep Hierarchy                     : No

Design Statistics
# IOs                              : 46

Cell Usage :
# BELS                             : 495
#      GND                         : 1
#      INV                         : 10
#      LUT1                        : 56
#      LUT2                        : 106
#      LUT3                        : 19
#      LUT4                        : 57
#      LUT4_D                      : 2
#      LUT4_L                      : 2
#      MUXCY                       : 179
#      MUXF5                       : 5
#      VCC                         : 1
#      XORCY                       : 57
# FlipFlops/Latches                : 152
#      FD                          : 99
#      FDE                         : 16
#      FDR                         : 14
#      FDRE                        : 12
#      FDS                         : 11
# Clock Buffers                    : 3
#      BUFG                        : 2
#      BUFGP                       : 1
# IO Buffers                       : 45
#      IBUF                        : 8
#      OBUF                        : 37
=========================================================================

Device utilization summary:
---------------------------

Selected Device : 3s100ecp132-4 

 Number of Slices:                      158  out of    960    16%  
 Number of Slice Flip Flops:            144  out of   1920     7%  
 Number of 4 input LUTs:                252  out of   1920    13%  
 Number of IOs:                          46
 Number of bonded IOBs:                  46  out of     83    55%  
    IOB Flip Flops:                       8
 Number of GCLKs:                         3  out of     24    12%  

---------------------------
Partition Resource Summary:
---------------------------

  No Partitions were found in this design.

---------------------------


=========================================================================
TIMING REPORT

NOTE: THESE TIMING NUMBERS ARE ONLY A SYNTHESIS ESTIMATE.
      FOR ACCURATE TIMING INFORMATION PLEASE REFER TO THE TRACE REPORT
      GENERATED AFTER PLACE-and-ROUTE.

Clock Information:
------------------
--------------------------------------+-------------------------------+-------+
Clock Signal                          | Clock buffer(FF name)         | Load  |
--------------------------------------+-------------------------------+-------+
CLK                                   | BUFGP                         | 71    |
serialclk/fSCLK_sig                   | BUFG                          | 32    |
freq_pulse_sig1(control/freq_pulse1:O)| BUFG(*)(calcfreq/PrevCount_47)| 49    |
--------------------------------------+-------------------------------+-------+
(*) This 1 clock signal(s) are generated by combinatorial logic,
and XST is not able to identify which are the primary clock signals.
Please use the CLOCK_SIGNAL constraint to specify the clock signal(s) generated by combinatorial logic.

Asynchronous Control Signals Information:
----------------------------------------
No asynchronous control signals found in this design

Timing Summary:
---------------
Speed Grade: -4

   Minimum period: 8.088ns (Maximum Frequency: 123.640MHz)
   Minimum input arrival time before clock: 10.460ns
   Maximum output required time after clock: 9.645ns
   Maximum combinational path delay: 7.885ns

Timing Detail:
--------------
All values displayed in nanoseconds (ns)

=========================================================================
Timing constraint: Default period analysis for Clock 'CLK'
  Clock period: 6.288ns (frequency: 159.033MHz)
  Total number of paths / destination ports: 1342 / 75
-------------------------------------------------------------------------
Delay:               6.288ns (Levels of Logic = 48)
  Source:            calcfreq/CurrCount_1 (FF)
  Destination:       calcfreq/CurrCount_47 (FF)
  Source Clock:      CLK rising
  Destination Clock: CLK rising

  Data Path: calcfreq/CurrCount_1 to calcfreq/CurrCount_47
                                Gate     Net
    Cell:in->out      fanout   Delay   Delay  Logical Name (Net Name)
    ----------------------------------------  ------------
     FD:C->Q               4   0.591   0.762  calcfreq/CurrCount_1 (calcfreq/CurrCount_1)
     LUT1:I0->O            1   0.704   0.000  calcfreq/Mcount_CurrCount_cy<1>_rt (calcfreq/Mcount_CurrCount_cy<1>_rt)
     MUXCY:S->O            1   0.464   0.000  calcfreq/Mcount_CurrCount_cy<1> (calcfreq/Mcount_CurrCount_cy<1>)
     MUXCY:CI->O           1   0.059   0.000  calcfreq/Mcount_CurrCount_cy<2> (calcfreq/Mcount_CurrCount_cy<2>)
     MUXCY:CI->O           1   0.059   0.000  calcfreq/Mcount_CurrCount_cy<3> (calcfreq/Mcount_CurrCount_cy<3>)
     MUXCY:CI->O           1   0.059   0.000  calcfreq/Mcount_CurrCount_cy<4> (calcfreq/Mcount_CurrCount_cy<4>)
     MUXCY:CI->O           1   0.059   0.000  calcfreq/Mcount_CurrCount_cy<5> (calcfreq/Mcount_CurrCount_cy<5>)
     MUXCY:CI->O           1   0.059   0.000  calcfreq/Mcount_CurrCount_cy<6> (calcfreq/Mcount_CurrCount_cy<6>)
     MUXCY:CI->O           1   0.059   0.000  calcfreq/Mcount_CurrCount_cy<7> (calcfreq/Mcount_CurrCount_cy<7>)
     MUXCY:CI->O           1   0.059   0.000  calcfreq/Mcount_CurrCount_cy<8> (calcfreq/Mcount_CurrCount_cy<8>)
     MUXCY:CI->O           1   0.059   0.000  calcfreq/Mcount_CurrCount_cy<9> (calcfreq/Mcount_CurrCount_cy<9>)
     MUXCY:CI->O           1   0.059   0.000  calcfreq/Mcount_CurrCount_cy<10> (calcfreq/Mcount_CurrCount_cy<10>)
     MUXCY:CI->O           1   0.059   0.000  calcfreq/Mcount_CurrCount_cy<11> (calcfreq/Mcount_CurrCount_cy<11>)
     MUXCY:CI->O           1   0.059   0.000  calcfreq/Mcount_CurrCount_cy<12> (calcfreq/Mcount_CurrCount_cy<12>)
     MUXCY:CI->O           1   0.059   0.000  calcfreq/Mcount_CurrCount_cy<13> (calcfreq/Mcount_CurrCount_cy<13>)
     MUXCY:CI->O           1   0.059   0.000  calcfreq/Mcount_CurrCount_cy<14> (calcfreq/Mcount_CurrCount_cy<14>)
     MUXCY:CI->O           1   0.059   0.000  calcfreq/Mcount_CurrCount_cy<15> (calcfreq/Mcount_CurrCount_cy<15>)
     MUXCY:CI->O           1   0.059   0.000  calcfreq/Mcount_CurrCount_cy<16> (calcfreq/Mcount_CurrCount_cy<16>)
     MUXCY:CI->O           1   0.059   0.000  calcfreq/Mcount_CurrCount_cy<17> (calcfreq/Mcount_CurrCount_cy<17>)
     MUXCY:CI->O           1   0.059   0.000  calcfreq/Mcount_CurrCount_cy<18> (calcfreq/Mcount_CurrCount_cy<18>)
     MUXCY:CI->O           1   0.059   0.000  calcfreq/Mcount_CurrCount_cy<19> (calcfreq/Mcount_CurrCount_cy<19>)
     MUXCY:CI->O           1   0.059   0.000  calcfreq/Mcount_CurrCount_cy<20> (calcfreq/Mcount_CurrCount_cy<20>)
     MUXCY:CI->O           1   0.059   0.000  calcfreq/Mcount_CurrCount_cy<21> (calcfreq/Mcount_CurrCount_cy<21>)
     MUXCY:CI->O           1   0.059   0.000  calcfreq/Mcount_CurrCount_cy<22> (calcfreq/Mcount_CurrCount_cy<22>)
     MUXCY:CI->O           1   0.059   0.000  calcfreq/Mcount_CurrCount_cy<23> (calcfreq/Mcount_CurrCount_cy<23>)
     MUXCY:CI->O           1   0.059   0.000  calcfreq/Mcount_CurrCount_cy<24> (calcfreq/Mcount_CurrCount_cy<24>)
     MUXCY:CI->O           1   0.059   0.000  calcfreq/Mcount_CurrCount_cy<25> (calcfreq/Mcount_CurrCount_cy<25>)
     MUXCY:CI->O           1   0.059   0.000  calcfreq/Mcount_CurrCount_cy<26> (calcfreq/Mcount_CurrCount_cy<26>)
     MUXCY:CI->O           1   0.059   0.000  calcfreq/Mcount_CurrCount_cy<27> (calcfreq/Mcount_CurrCount_cy<27>)
     MUXCY:CI->O           1   0.059   0.000  calcfreq/Mcount_CurrCount_cy<28> (calcfreq/Mcount_CurrCount_cy<28>)
     MUXCY:CI->O           1   0.059   0.000  calcfreq/Mcount_CurrCount_cy<29> (calcfreq/Mcount_CurrCount_cy<29>)
     MUXCY:CI->O           1   0.059   0.000  calcfreq/Mcount_CurrCount_cy<30> (calcfreq/Mcount_CurrCount_cy<30>)
     MUXCY:CI->O           1   0.059   0.000  calcfreq/Mcount_CurrCount_cy<31> (calcfreq/Mcount_CurrCount_cy<31>)
     MUXCY:CI->O           1   0.059   0.000  calcfreq/Mcount_CurrCount_cy<32> (calcfreq/Mcount_CurrCount_cy<32>)
     MUXCY:CI->O           1   0.059   0.000  calcfreq/Mcount_CurrCount_cy<33> (calcfreq/Mcount_CurrCount_cy<33>)
     MUXCY:CI->O           1   0.059   0.000  calcfreq/Mcount_CurrCount_cy<34> (calcfreq/Mcount_CurrCount_cy<34>)
     MUXCY:CI->O           1   0.059   0.000  calcfreq/Mcount_CurrCount_cy<35> (calcfreq/Mcount_CurrCount_cy<35>)
     MUXCY:CI->O           1   0.059   0.000  calcfreq/Mcount_CurrCount_cy<36> (calcfreq/Mcount_CurrCount_cy<36>)
     MUXCY:CI->O           1   0.059   0.000  calcfreq/Mcount_CurrCount_cy<37> (calcfreq/Mcount_CurrCount_cy<37>)
     MUXCY:CI->O           1   0.059   0.000  calcfreq/Mcount_CurrCount_cy<38> (calcfreq/Mcount_CurrCount_cy<38>)
     MUXCY:CI->O           1   0.059   0.000  calcfreq/Mcount_CurrCount_cy<39> (calcfreq/Mcount_CurrCount_cy<39>)
     MUXCY:CI->O           1   0.059   0.000  calcfreq/Mcount_CurrCount_cy<40> (calcfreq/Mcount_CurrCount_cy<40>)
     MUXCY:CI->O           1   0.059   0.000  calcfreq/Mcount_CurrCount_cy<41> (calcfreq/Mcount_CurrCount_cy<41>)
     MUXCY:CI->O           1   0.059   0.000  calcfreq/Mcount_CurrCount_cy<42> (calcfreq/Mcount_CurrCount_cy<42>)
     MUXCY:CI->O           1   0.059   0.000  calcfreq/Mcount_CurrCount_cy<43> (calcfreq/Mcount_CurrCount_cy<43>)
     MUXCY:CI->O           1   0.059   0.000  calcfreq/Mcount_CurrCount_cy<44> (calcfreq/Mcount_CurrCount_cy<44>)
     MUXCY:CI->O           1   0.059   0.000  calcfreq/Mcount_CurrCount_cy<45> (calcfreq/Mcount_CurrCount_cy<45>)
     MUXCY:CI->O           0   0.059   0.000  calcfreq/Mcount_CurrCount_cy<46> (calcfreq/Mcount_CurrCount_cy<46>)
     XORCY:CI->O           1   0.804   0.000  calcfreq/Mcount_CurrCount_xor<47> (calcfreq/Result<47>)
     FD:D                      0.308          calcfreq/CurrCount_47
    ----------------------------------------
    Total                      6.288ns (5.526ns logic, 0.762ns route)
                                       (87.9% logic, 12.1% route)

=========================================================================
Timing constraint: Default period analysis for Clock 'serialclk/fSCLK_sig'
  Clock period: 4.466ns (frequency: 223.914MHz)
  Total number of paths / destination ports: 125 / 71
-------------------------------------------------------------------------
Delay:               4.466ns (Levels of Logic = 2)
  Source:            serialreciever/shift_count_0 (FF)
  Destination:       serialreciever/SB_STOPBIT (FF)
  Source Clock:      serialclk/fSCLK_sig rising
  Destination Clock: serialclk/fSCLK_sig rising

  Data Path: serialreciever/shift_count_0 to serialreciever/SB_STOPBIT
                                Gate     Net
    Cell:in->out      fanout   Delay   Delay  Logical Name (Net Name)
    ----------------------------------------  ------------
     FDE:C->Q              5   0.591   0.712  serialreciever/shift_count_0 (serialreciever/shift_count_0)
     LUT4:I1->O            1   0.704   0.424  serialreciever/SB_STOPBIT_or0000_SW0 (N3)
     LUT4:I3->O            1   0.704   0.420  serialreciever/SB_STOPBIT_or0000 (serialreciever/SB_STOPBIT_not0001_inv)
     FDR:R                     0.911          serialreciever/SB_STOPBIT
    ----------------------------------------
    Total                      4.466ns (2.910ns logic, 1.556ns route)
                                       (65.2% logic, 34.8% route)

=========================================================================
Timing constraint: Default period analysis for Clock 'freq_pulse_sig1'
  Clock period: 8.088ns (frequency: 123.640MHz)
  Total number of paths / destination ports: 144 / 1
-------------------------------------------------------------------------
Delay:               8.088ns (Levels of Logic = 50)
  Source:            calcfreq/PrevCount_0 (FF)
  Destination:       calcfreq/NOSIGNAL (FF)
  Source Clock:      freq_pulse_sig1 rising
  Destination Clock: freq_pulse_sig1 rising

  Data Path: calcfreq/PrevCount_0 to calcfreq/NOSIGNAL
                                Gate     Net
    Cell:in->out      fanout   Delay   Delay  Logical Name (Net Name)
    ----------------------------------------  ------------
     FD:C->Q               2   0.591   0.526  calcfreq/PrevCount_0 (calcfreq/PrevCount_0)
     LUT2:I1->O            1   0.704   0.000  calcfreq/Mcompar_NumTicks_cmp_gt0000_lut<0> (calcfreq/Mcompar_NumTicks_cmp_gt0000_lut<0>)
     MUXCY:S->O            1   0.464   0.000  calcfreq/Mcompar_NumTicks_cmp_gt0000_cy<0> (calcfreq/Mcompar_NumTicks_cmp_gt0000_cy<0>)
     MUXCY:CI->O           1   0.059   0.000  calcfreq/Mcompar_NumTicks_cmp_gt0000_cy<1> (calcfreq/Mcompar_NumTicks_cmp_gt0000_cy<1>)
     MUXCY:CI->O           1   0.059   0.000  calcfreq/Mcompar_NumTicks_cmp_gt0000_cy<2> (calcfreq/Mcompar_NumTicks_cmp_gt0000_cy<2>)
     MUXCY:CI->O           1   0.059   0.000  calcfreq/Mcompar_NumTicks_cmp_gt0000_cy<3> (calcfreq/Mcompar_NumTicks_cmp_gt0000_cy<3>)
     MUXCY:CI->O           1   0.059   0.000  calcfreq/Mcompar_NumTicks_cmp_gt0000_cy<4> (calcfreq/Mcompar_NumTicks_cmp_gt0000_cy<4>)
     MUXCY:CI->O           1   0.059   0.000  calcfreq/Mcompar_NumTicks_cmp_gt0000_cy<5> (calcfreq/Mcompar_NumTicks_cmp_gt0000_cy<5>)
     MUXCY:CI->O           1   0.059   0.000  calcfreq/Mcompar_NumTicks_cmp_gt0000_cy<6> (calcfreq/Mcompar_NumTicks_cmp_gt0000_cy<6>)
     MUXCY:CI->O           1   0.059   0.000  calcfreq/Mcompar_NumTicks_cmp_gt0000_cy<7> (calcfreq/Mcompar_NumTicks_cmp_gt0000_cy<7>)
     MUXCY:CI->O           1   0.059   0.000  calcfreq/Mcompar_NumTicks_cmp_gt0000_cy<8> (calcfreq/Mcompar_NumTicks_cmp_gt0000_cy<8>)
     MUXCY:CI->O           1   0.059   0.000  calcfreq/Mcompar_NumTicks_cmp_gt0000_cy<9> (calcfreq/Mcompar_NumTicks_cmp_gt0000_cy<9>)
     MUXCY:CI->O           1   0.059   0.000  calcfreq/Mcompar_NumTicks_cmp_gt0000_cy<10> (calcfreq/Mcompar_NumTicks_cmp_gt0000_cy<10>)
     MUXCY:CI->O           1   0.059   0.000  calcfreq/Mcompar_NumTicks_cmp_gt0000_cy<11> (calcfreq/Mcompar_NumTicks_cmp_gt0000_cy<11>)
     MUXCY:CI->O           1   0.059   0.000  calcfreq/Mcompar_NumTicks_cmp_gt0000_cy<12> (calcfreq/Mcompar_NumTicks_cmp_gt0000_cy<12>)
     MUXCY:CI->O           1   0.059   0.000  calcfreq/Mcompar_NumTicks_cmp_gt0000_cy<13> (calcfreq/Mcompar_NumTicks_cmp_gt0000_cy<13>)
     MUXCY:CI->O           1   0.059   0.000  calcfreq/Mcompar_NumTicks_cmp_gt0000_cy<14> (calcfreq/Mcompar_NumTicks_cmp_gt0000_cy<14>)
     MUXCY:CI->O           1   0.059   0.000  calcfreq/Mcompar_NumTicks_cmp_gt0000_cy<15> (calcfreq/Mcompar_NumTicks_cmp_gt0000_cy<15>)
     MUXCY:CI->O           1   0.059   0.000  calcfreq/Mcompar_NumTicks_cmp_gt0000_cy<16> (calcfreq/Mcompar_NumTicks_cmp_gt0000_cy<16>)
     MUXCY:CI->O           1   0.059   0.000  calcfreq/Mcompar_NumTicks_cmp_gt0000_cy<17> (calcfreq/Mcompar_NumTicks_cmp_gt0000_cy<17>)
     MUXCY:CI->O           1   0.059   0.000  calcfreq/Mcompar_NumTicks_cmp_gt0000_cy<18> (calcfreq/Mcompar_NumTicks_cmp_gt0000_cy<18>)
     MUXCY:CI->O           1   0.059   0.000  calcfreq/Mcompar_NumTicks_cmp_gt0000_cy<19> (calcfreq/Mcompar_NumTicks_cmp_gt0000_cy<19>)
     MUXCY:CI->O           1   0.059   0.000  calcfreq/Mcompar_NumTicks_cmp_gt0000_cy<20> (calcfreq/Mcompar_NumTicks_cmp_gt0000_cy<20>)
     MUXCY:CI->O           1   0.059   0.000  calcfreq/Mcompar_NumTicks_cmp_gt0000_cy<21> (calcfreq/Mcompar_NumTicks_cmp_gt0000_cy<21>)
     MUXCY:CI->O           1   0.059   0.000  calcfreq/Mcompar_NumTicks_cmp_gt0000_cy<22> (calcfreq/Mcompar_NumTicks_cmp_gt0000_cy<22>)
     MUXCY:CI->O           1   0.059   0.000  calcfreq/Mcompar_NumTicks_cmp_gt0000_cy<23> (calcfreq/Mcompar_NumTicks_cmp_gt0000_cy<23>)
     MUXCY:CI->O           1   0.059   0.000  calcfreq/Mcompar_NumTicks_cmp_gt0000_cy<24> (calcfreq/Mcompar_NumTicks_cmp_gt0000_cy<24>)
     MUXCY:CI->O           1   0.059   0.000  calcfreq/Mcompar_NumTicks_cmp_gt0000_cy<25> (calcfreq/Mcompar_NumTicks_cmp_gt0000_cy<25>)
     MUXCY:CI->O           1   0.059   0.000  calcfreq/Mcompar_NumTicks_cmp_gt0000_cy<26> (calcfreq/Mcompar_NumTicks_cmp_gt0000_cy<26>)
     MUXCY:CI->O           1   0.059   0.000  calcfreq/Mcompar_NumTicks_cmp_gt0000_cy<27> (calcfreq/Mcompar_NumTicks_cmp_gt0000_cy<27>)
     MUXCY:CI->O           1   0.059   0.000  calcfreq/Mcompar_NumTicks_cmp_gt0000_cy<28> (calcfreq/Mcompar_NumTicks_cmp_gt0000_cy<28>)
     MUXCY:CI->O           1   0.059   0.000  calcfreq/Mcompar_NumTicks_cmp_gt0000_cy<29> (calcfreq/Mcompar_NumTicks_cmp_gt0000_cy<29>)
     MUXCY:CI->O           1   0.059   0.000  calcfreq/Mcompar_NumTicks_cmp_gt0000_cy<30> (calcfreq/Mcompar_NumTicks_cmp_gt0000_cy<30>)
     MUXCY:CI->O           1   0.059   0.000  calcfreq/Mcompar_NumTicks_cmp_gt0000_cy<31> (calcfreq/Mcompar_NumTicks_cmp_gt0000_cy<31>)
     MUXCY:CI->O           1   0.059   0.000  calcfreq/Mcompar_NumTicks_cmp_gt0000_cy<32> (calcfreq/Mcompar_NumTicks_cmp_gt0000_cy<32>)
     MUXCY:CI->O           1   0.059   0.000  calcfreq/Mcompar_NumTicks_cmp_gt0000_cy<33> (calcfreq/Mcompar_NumTicks_cmp_gt0000_cy<33>)
     MUXCY:CI->O           1   0.059   0.000  calcfreq/Mcompar_NumTicks_cmp_gt0000_cy<34> (calcfreq/Mcompar_NumTicks_cmp_gt0000_cy<34>)
     MUXCY:CI->O           1   0.059   0.000  calcfreq/Mcompar_NumTicks_cmp_gt0000_cy<35> (calcfreq/Mcompar_NumTicks_cmp_gt0000_cy<35>)
     MUXCY:CI->O           1   0.059   0.000  calcfreq/Mcompar_NumTicks_cmp_gt0000_cy<36> (calcfreq/Mcompar_NumTicks_cmp_gt0000_cy<36>)
     MUXCY:CI->O           1   0.059   0.000  calcfreq/Mcompar_NumTicks_cmp_gt0000_cy<37> (calcfreq/Mcompar_NumTicks_cmp_gt0000_cy<37>)
     MUXCY:CI->O           1   0.059   0.000  calcfreq/Mcompar_NumTicks_cmp_gt0000_cy<38> (calcfreq/Mcompar_NumTicks_cmp_gt0000_cy<38>)
     MUXCY:CI->O           1   0.059   0.000  calcfreq/Mcompar_NumTicks_cmp_gt0000_cy<39> (calcfreq/Mcompar_NumTicks_cmp_gt0000_cy<39>)
     MUXCY:CI->O           1   0.059   0.000  calcfreq/Mcompar_NumTicks_cmp_gt0000_cy<40> (calcfreq/Mcompar_NumTicks_cmp_gt0000_cy<40>)
     MUXCY:CI->O           1   0.059   0.000  calcfreq/Mcompar_NumTicks_cmp_gt0000_cy<41> (calcfreq/Mcompar_NumTicks_cmp_gt0000_cy<41>)
     MUXCY:CI->O           1   0.059   0.000  calcfreq/Mcompar_NumTicks_cmp_gt0000_cy<42> (calcfreq/Mcompar_NumTicks_cmp_gt0000_cy<42>)
     MUXCY:CI->O           1   0.059   0.000  calcfreq/Mcompar_NumTicks_cmp_gt0000_cy<43> (calcfreq/Mcompar_NumTicks_cmp_gt0000_cy<43>)
     MUXCY:CI->O           1   0.059   0.000  calcfreq/Mcompar_NumTicks_cmp_gt0000_cy<44> (calcfreq/Mcompar_NumTicks_cmp_gt0000_cy<44>)
     MUXCY:CI->O           1   0.059   0.000  calcfreq/Mcompar_NumTicks_cmp_gt0000_cy<45> (calcfreq/Mcompar_NumTicks_cmp_gt0000_cy<45>)
     MUXCY:CI->O           1   0.059   0.000  calcfreq/Mcompar_NumTicks_cmp_gt0000_cy<46> (calcfreq/Mcompar_NumTicks_cmp_gt0000_cy<46>)
     MUXCY:CI->O           1   0.459   0.595  calcfreq/Mcompar_NumTicks_cmp_gt0000_cy<47> (calcfreq/Mcompar_NumTicks_cmp_gt0000_cy<47>)
     LUT2:I0->O            1   0.704   0.420  calcfreq/NOSIGNAL_or00001 (calcfreq/NOSIGNAL_or0000)
     FDR:R                     0.911          calcfreq/NOSIGNAL
    ----------------------------------------
    Total                      8.088ns (6.547ns logic, 1.541ns route)
                                       (80.9% logic, 19.1% route)

=========================================================================
Timing constraint: Default OFFSET IN BEFORE for Clock 'CLK'
  Total number of paths / destination ports: 2746 / 21
-------------------------------------------------------------------------
Offset:              10.460ns (Levels of Logic = 12)
  Source:            stringsel<5> (PAD)
  Destination:       compare/LEDs_0 (FF)
  Destination Clock: CLK rising

  Data Path: stringsel<5> to compare/LEDs_0
                                Gate     Net
    Cell:in->out      fanout   Delay   Delay  Logical Name (Net Name)
    ----------------------------------------  ------------
     IBUF:I->O            11   1.218   1.108  stringsel_5_IBUF (stringsel_5_IBUF)
     LUT3:I0->O            5   0.704   0.637  compare/errorsig_cmp_eq000211 (compare/N0)
     LUT4:I3->O           11   0.704   1.108  compare/errorsig_cmp_eq00022 (compare/errorsig_cmp_eq0002)
     LUT4:I0->O            1   0.704   0.424  compare/Mcompar_LEDs_cmp_lt0000_lut<0>_SW0 (N26)
     LUT4:I3->O            1   0.704   0.000  compare/Mcompar_LEDs_cmp_lt0000_lut<0> (compare/Mcompar_LEDs_cmp_lt0000_lut<0>)
     MUXCY:S->O            1   0.464   0.000  compare/Mcompar_LEDs_cmp_lt0000_cy<0> (compare/Mcompar_LEDs_cmp_lt0000_cy<0>)
     MUXCY:CI->O           1   0.059   0.000  compare/Mcompar_LEDs_cmp_lt0000_cy<1> (compare/Mcompar_LEDs_cmp_lt0000_cy<1>)
     MUXCY:CI->O           1   0.059   0.000  compare/Mcompar_LEDs_cmp_lt0000_cy<2> (compare/Mcompar_LEDs_cmp_lt0000_cy<2>)
     MUXCY:CI->O           1   0.059   0.000  compare/Mcompar_LEDs_cmp_lt0000_cy<3> (compare/Mcompar_LEDs_cmp_lt0000_cy<3>)
     MUXCY:CI->O           1   0.059   0.000  compare/Mcompar_LEDs_cmp_lt0000_cy<4> (compare/Mcompar_LEDs_cmp_lt0000_cy<4>)
     MUXCY:CI->O           3   0.459   0.531  compare/Mcompar_LEDs_cmp_lt0000_cy<5> (compare/Mcompar_LEDs_cmp_lt0000_cy<5>)
     INV:I->O              2   0.704   0.447  compare/Mcompar_LEDs_cmp_lt0000_cy<5>_inv_INV_0 (compare/lower_threshold<0>1)
     FDS:D                     0.308          compare/LEDs_0
    ----------------------------------------
    Total                     10.460ns (6.205ns logic, 4.255ns route)
                                       (59.3% logic, 40.7% route)

=========================================================================
Timing constraint: Default OFFSET IN BEFORE for Clock 'serialclk/fSCLK_sig'
  Total number of paths / destination ports: 61 / 31
-------------------------------------------------------------------------
Offset:              7.951ns (Levels of Logic = 5)
  Source:            tune (PAD)
  Destination:       serialreciever/SB_STOPBIT (FF)
  Destination Clock: serialclk/fSCLK_sig rising

  Data Path: tune to serialreciever/SB_STOPBIT
                                Gate     Net
    Cell:in->out      fanout   Delay   Delay  Logical Name (Net Name)
    ----------------------------------------  ------------
     IBUF:I->O             9   1.218   0.899  tune_IBUF (tune_IBUF)
     LUT3:I1->O            1   0.704   0.455  control/cCS_SW1 (N6)
     LUT4:I2->O            5   0.704   0.808  control/cCS (CS_OBUF)
     LUT4:I0->O            1   0.704   0.424  serialreciever/SB_STOPBIT_or0000_SW0 (N3)
     LUT4:I3->O            1   0.704   0.420  serialreciever/SB_STOPBIT_or0000 (serialreciever/SB_STOPBIT_not0001_inv)
     FDR:R                     0.911          serialreciever/SB_STOPBIT
    ----------------------------------------
    Total                      7.951ns (4.945ns logic, 3.006ns route)
                                       (62.2% logic, 37.8% route)

=========================================================================
Timing constraint: Default OFFSET OUT AFTER for Clock 'CLK'
  Total number of paths / destination ports: 23 / 11
-------------------------------------------------------------------------
Offset:              7.611ns (Levels of Logic = 4)
  Source:            control/PS_FSM_FFd3 (FF)
  Destination:       high (PAD)
  Source Clock:      CLK rising

  Data Path: control/PS_FSM_FFd3 to high
                                Gate     Net
    Cell:in->out      fanout   Delay   Delay  Logical Name (Net Name)
    ----------------------------------------  ------------
     FDS:C->Q             14   0.591   1.175  control/PS_FSM_FFd3 (control/PS_FSM_FFd3)
     LUT3:I0->O            1   0.704   0.424  control/lastamp18 (control/lastamp18)
     LUT4:I3->O            1   0.704   0.000  control/lastamp37_G (N59)
     MUXF5:I1->O           1   0.321   0.420  control/lastamp37 (high_OBUF)
     OBUF:I->O                 3.272          high_OBUF (high)
    ----------------------------------------
    Total                      7.611ns (5.592ns logic, 2.019ns route)
                                       (73.5% logic, 26.5% route)

=========================================================================
Timing constraint: Default OFFSET OUT AFTER for Clock 'serialclk/fSCLK_sig'
  Total number of paths / destination ports: 36 / 13
-------------------------------------------------------------------------
Offset:              9.645ns (Levels of Logic = 9)
  Source:            serialreciever/preg_1 (FF)
  Destination:       high (PAD)
  Source Clock:      serialclk/fSCLK_sig rising

  Data Path: serialreciever/preg_1 to high
                                Gate     Net
    Cell:in->out      fanout   Delay   Delay  Logical Name (Net Name)
    ----------------------------------------  ------------
     FDE:C->Q              4   0.591   0.762  serialreciever/preg_1 (serialreciever/preg_1)
     LUT3:I0->O            1   0.704   0.000  control/Mcompar_PS_cmp_gt0002_lut<1> (control/Mcompar_PS_cmp_gt0002_lut<1>)
     MUXCY:S->O            1   0.464   0.000  control/Mcompar_PS_cmp_gt0002_cy<1> (control/Mcompar_PS_cmp_gt0002_cy<1>)
     MUXCY:CI->O           1   0.059   0.000  control/Mcompar_PS_cmp_gt0002_cy<2> (control/Mcompar_PS_cmp_gt0002_cy<2>)
     MUXCY:CI->O           1   0.059   0.000  control/Mcompar_PS_cmp_gt0002_cy<3> (control/Mcompar_PS_cmp_gt0002_cy<3>)
     MUXCY:CI->O           3   0.459   0.531  control/Mcompar_PS_cmp_gt0002_cy<4> (control/Mcompar_PS_cmp_gt0002_cy<4>)
     INV:I->O              1   0.704   0.595  control/Mcompar_PS_cmp_gt0002_cy<4>_inv_INV_0 (control/PS_cmp_gt0002)
     LUT4:I0->O            1   0.704   0.000  control/lastamp37_G (N59)
     MUXF5:I1->O           1   0.321   0.420  control/lastamp37 (high_OBUF)
     OBUF:I->O                 3.272          high_OBUF (high)
    ----------------------------------------
    Total                      9.645ns (7.337ns logic, 2.308ns route)
                                       (76.1% logic, 23.9% route)

=========================================================================
Timing constraint: Default OFFSET OUT AFTER for Clock 'freq_pulse_sig1'
  Total number of paths / destination ports: 1 / 1
-------------------------------------------------------------------------
Offset:              6.012ns (Levels of Logic = 3)
  Source:            calcfreq/NOSIGNAL (FF)
  Destination:       high (PAD)
  Source Clock:      freq_pulse_sig1 rising

  Data Path: calcfreq/NOSIGNAL to high
                                Gate     Net
    Cell:in->out      fanout   Delay   Delay  Logical Name (Net Name)
    ----------------------------------------  ------------
     FDR:C->Q              6   0.591   0.704  calcfreq/NOSIGNAL (calcfreq/NOSIGNAL)
     LUT4:I2->O            1   0.704   0.000  control/lastamp37_G (N59)
     MUXF5:I1->O           1   0.321   0.420  control/lastamp37 (high_OBUF)
     OBUF:I->O                 3.272          high_OBUF (high)
    ----------------------------------------
    Total                      6.012ns (4.888ns logic, 1.124ns route)
                                       (81.3% logic, 18.7% route)

=========================================================================
Timing constraint: Default path analysis
  Total number of paths / destination ports: 2 / 1
-------------------------------------------------------------------------
Delay:               7.885ns (Levels of Logic = 4)
  Source:            tune (PAD)
  Destination:       CS (PAD)

  Data Path: tune to CS
                                Gate     Net
    Cell:in->out      fanout   Delay   Delay  Logical Name (Net Name)
    ----------------------------------------  ------------
     IBUF:I->O             9   1.218   0.899  tune_IBUF (tune_IBUF)
     LUT3:I1->O            1   0.704   0.455  control/cCS_SW1 (N6)
     LUT4:I2->O            5   0.704   0.633  control/cCS (CS_OBUF)
     OBUF:I->O                 3.272          CS_OBUF (CS)
    ----------------------------------------
    Total                      7.885ns (5.898ns logic, 1.987ns route)
                                       (74.8% logic, 25.2% route)

=========================================================================


Total REAL time to Xst completion: 6.00 secs
Total CPU time to Xst completion: 6.20 secs
 
--> 

Total memory usage is 281132 kilobytes

Number of errors   :    0 (   0 filtered)
Number of warnings :   73 (   0 filtered)
Number of infos    :    9 (   0 filtered)

