V3 3
FL //thayerfs/d36937q/Desktop/Digitaldesign/Lab2num3/UDcounter.vhd 2013/07/09.23:36:48 P.49d
EN work/UDcounter 1373427425 \
      FL //thayerfs/d36937q/Desktop/Digitaldesign/Lab2num3/UDcounter.vhd \
      PB ieee/std_logic_1164 1354696159 PB ieee/NUMERIC_STD 1354696164
AR work/UDcounter/Behavioral 1373427426 \
      FL //thayerfs/d36937q/Desktop/Digitaldesign/Lab2num3/UDcounter.vhd \
      EN work/UDcounter 1373427425
