--------------------------------------------------------------------------------
Release 14.4 Trace  (nt64)
Copyright (c) 1995-2012 Xilinx, Inc.  All rights reserved.

C:\Xilinx\14.4\ISE_DS\ISE\bin\nt64\unwrapped\trce.exe -intstyle ise -v 3 -s 4
-n 3 -fastpaths -xml topleveltuner.twx topleveltuner.ncd -o topleveltuner.twr
topleveltuner.pcf

Design file:              topleveltuner.ncd
Physical constraint file: topleveltuner.pcf
Device,package,speed:     xc3s100e,cp132,-4 (PRODUCTION 1.27 2012-12-04)
Report level:             verbose report

Environment Variable      Effect 
--------------------      ------ 
NONE                      No environment variables were set
--------------------------------------------------------------------------------

INFO:Timing:3412 - To improve timing, see the Timing Closure User Guide (UG612).
INFO:Timing:2752 - To get complete path coverage, use the unconstrained paths 
   option. All paths that are not constrained will be reported in the 
   unconstrained paths section(s) of the report.
INFO:Timing:3339 - The clock-to-out numbers in this timing report are based on 
   a 50 Ohm transmission line loading model.  For the details of this model, 
   and for more information on accounting for different loading conditions, 
   please see the device datasheet.
INFO:Timing:3390 - This architecture does not support a default System Jitter 
   value, please add SYSTEM_JITTER constraint to the UCF to modify the Clock 
   Uncertainty calculation.
INFO:Timing:3389 - This architecture does not support 'Discrete Jitter' and 
   'Phase Error' calculations, these terms will be zero in the Clock 
   Uncertainty calculation.  Please make appropriate modification to 
   SYSTEM_JITTER to account for the unsupported Discrete Jitter and Phase 
   Error.

================================================================================
Timing constraint: NET "CLK_BUFGP/IBUFG" PERIOD = 40 ns HIGH 50%;
For more information, see Period Analysis in the Timing Closure User Guide (UG612).

 1336 paths analyzed, 182 endpoints analyzed, 0 failing endpoints
 0 timing errors detected. (0 setup errors, 0 hold errors, 0 component switching limit errors)
 Minimum period is   6.141ns.
--------------------------------------------------------------------------------

Paths for end point calcfreq/CurrCount_47 (SLICE_X29Y29.CIN), 46 paths
--------------------------------------------------------------------------------
Slack (setup path):     33.859ns (requirement - (data path - clock path skew + uncertainty))
  Source:               calcfreq/CurrCount_7 (FF)
  Destination:          calcfreq/CurrCount_47 (FF)
  Requirement:          40.000ns
  Data Path Delay:      6.133ns (Levels of Logic = 21)
  Clock Path Skew:      -0.008ns (0.024 - 0.032)
  Source Clock:         CLK_BUFGP rising at 0.000ns
  Destination Clock:    CLK_BUFGP rising at 40.000ns
  Clock Uncertainty:    0.000ns

  Maximum Data Path: calcfreq/CurrCount_7 to calcfreq/CurrCount_47
    Location             Delay type         Delay(ns)  Physical Resource
                                                       Logical Resource(s)
    -------------------------------------------------  -------------------
    SLICE_X29Y9.YQ       Tcko                  0.587   calcfreq/CurrCount<6>
                                                       calcfreq/CurrCount_7
    SLICE_X29Y9.G2       net (fanout=7)        1.301   calcfreq/CurrCount<7>
    SLICE_X29Y9.COUT     Topcyg                1.001   calcfreq/CurrCount<6>
                                                       calcfreq/CurrCount<7>_rt
                                                       calcfreq/Mcount_CurrCount_cy<7>
    SLICE_X29Y10.CIN     net (fanout=1)        0.000   calcfreq/Mcount_CurrCount_cy<7>
    SLICE_X29Y10.COUT    Tbyp                  0.118   calcfreq/CurrCount<8>
                                                       calcfreq/Mcount_CurrCount_cy<8>
                                                       calcfreq/Mcount_CurrCount_cy<9>
    SLICE_X29Y11.CIN     net (fanout=1)        0.000   calcfreq/Mcount_CurrCount_cy<9>
    SLICE_X29Y11.COUT    Tbyp                  0.118   calcfreq/CurrCount<10>
                                                       calcfreq/Mcount_CurrCount_cy<10>
                                                       calcfreq/Mcount_CurrCount_cy<11>
    SLICE_X29Y12.CIN     net (fanout=1)        0.000   calcfreq/Mcount_CurrCount_cy<11>
    SLICE_X29Y12.COUT    Tbyp                  0.118   calcfreq/CurrCount<12>
                                                       calcfreq/Mcount_CurrCount_cy<12>
                                                       calcfreq/Mcount_CurrCount_cy<13>
    SLICE_X29Y13.CIN     net (fanout=1)        0.000   calcfreq/Mcount_CurrCount_cy<13>
    SLICE_X29Y13.COUT    Tbyp                  0.118   calcfreq/CurrCount<14>
                                                       calcfreq/Mcount_CurrCount_cy<14>
                                                       calcfreq/Mcount_CurrCount_cy<15>
    SLICE_X29Y14.CIN     net (fanout=1)        0.000   calcfreq/Mcount_CurrCount_cy<15>
    SLICE_X29Y14.COUT    Tbyp                  0.118   calcfreq/CurrCount<16>
                                                       calcfreq/Mcount_CurrCount_cy<16>
                                                       calcfreq/Mcount_CurrCount_cy<17>
    SLICE_X29Y15.CIN     net (fanout=1)        0.000   calcfreq/Mcount_CurrCount_cy<17>
    SLICE_X29Y15.COUT    Tbyp                  0.118   calcfreq/CurrCount<18>
                                                       calcfreq/Mcount_CurrCount_cy<18>
                                                       calcfreq/Mcount_CurrCount_cy<19>
    SLICE_X29Y16.CIN     net (fanout=1)        0.000   calcfreq/Mcount_CurrCount_cy<19>
    SLICE_X29Y16.COUT    Tbyp                  0.118   calcfreq/CurrCount<20>
                                                       calcfreq/Mcount_CurrCount_cy<20>
                                                       calcfreq/Mcount_CurrCount_cy<21>
    SLICE_X29Y17.CIN     net (fanout=1)        0.000   calcfreq/Mcount_CurrCount_cy<21>
    SLICE_X29Y17.COUT    Tbyp                  0.118   calcfreq/CurrCount<22>
                                                       calcfreq/Mcount_CurrCount_cy<22>
                                                       calcfreq/Mcount_CurrCount_cy<23>
    SLICE_X29Y18.CIN     net (fanout=1)        0.000   calcfreq/Mcount_CurrCount_cy<23>
    SLICE_X29Y18.COUT    Tbyp                  0.118   calcfreq/CurrCount<24>
                                                       calcfreq/Mcount_CurrCount_cy<24>
                                                       calcfreq/Mcount_CurrCount_cy<25>
    SLICE_X29Y19.CIN     net (fanout=1)        0.000   calcfreq/Mcount_CurrCount_cy<25>
    SLICE_X29Y19.COUT    Tbyp                  0.118   calcfreq/CurrCount<26>
                                                       calcfreq/Mcount_CurrCount_cy<26>
                                                       calcfreq/Mcount_CurrCount_cy<27>
    SLICE_X29Y20.CIN     net (fanout=1)        0.000   calcfreq/Mcount_CurrCount_cy<27>
    SLICE_X29Y20.COUT    Tbyp                  0.118   calcfreq/CurrCount<28>
                                                       calcfreq/Mcount_CurrCount_cy<28>
                                                       calcfreq/Mcount_CurrCount_cy<29>
    SLICE_X29Y21.CIN     net (fanout=1)        0.000   calcfreq/Mcount_CurrCount_cy<29>
    SLICE_X29Y21.COUT    Tbyp                  0.118   calcfreq/CurrCount<30>
                                                       calcfreq/Mcount_CurrCount_cy<30>
                                                       calcfreq/Mcount_CurrCount_cy<31>
    SLICE_X29Y22.CIN     net (fanout=1)        0.000   calcfreq/Mcount_CurrCount_cy<31>
    SLICE_X29Y22.COUT    Tbyp                  0.118   calcfreq/CurrCount<32>
                                                       calcfreq/Mcount_CurrCount_cy<32>
                                                       calcfreq/Mcount_CurrCount_cy<33>
    SLICE_X29Y23.CIN     net (fanout=1)        0.000   calcfreq/Mcount_CurrCount_cy<33>
    SLICE_X29Y23.COUT    Tbyp                  0.118   calcfreq/CurrCount<34>
                                                       calcfreq/Mcount_CurrCount_cy<34>
                                                       calcfreq/Mcount_CurrCount_cy<35>
    SLICE_X29Y24.CIN     net (fanout=1)        0.000   calcfreq/Mcount_CurrCount_cy<35>
    SLICE_X29Y24.COUT    Tbyp                  0.118   calcfreq/CurrCount<36>
                                                       calcfreq/Mcount_CurrCount_cy<36>
                                                       calcfreq/Mcount_CurrCount_cy<37>
    SLICE_X29Y25.CIN     net (fanout=1)        0.000   calcfreq/Mcount_CurrCount_cy<37>
    SLICE_X29Y25.COUT    Tbyp                  0.118   calcfreq/CurrCount<38>
                                                       calcfreq/Mcount_CurrCount_cy<38>
                                                       calcfreq/Mcount_CurrCount_cy<39>
    SLICE_X29Y26.CIN     net (fanout=1)        0.000   calcfreq/Mcount_CurrCount_cy<39>
    SLICE_X29Y26.COUT    Tbyp                  0.118   calcfreq/CurrCount<40>
                                                       calcfreq/Mcount_CurrCount_cy<40>
                                                       calcfreq/Mcount_CurrCount_cy<41>
    SLICE_X29Y27.CIN     net (fanout=1)        0.000   calcfreq/Mcount_CurrCount_cy<41>
    SLICE_X29Y27.COUT    Tbyp                  0.118   calcfreq/CurrCount<42>
                                                       calcfreq/Mcount_CurrCount_cy<42>
                                                       calcfreq/Mcount_CurrCount_cy<43>
    SLICE_X29Y28.CIN     net (fanout=1)        0.000   calcfreq/Mcount_CurrCount_cy<43>
    SLICE_X29Y28.COUT    Tbyp                  0.118   calcfreq/CurrCount<44>
                                                       calcfreq/Mcount_CurrCount_cy<44>
                                                       calcfreq/Mcount_CurrCount_cy<45>
    SLICE_X29Y29.CIN     net (fanout=1)        0.000   calcfreq/Mcount_CurrCount_cy<45>
    SLICE_X29Y29.CLK     Tcinck                1.002   calcfreq/CurrCount<46>
                                                       calcfreq/Mcount_CurrCount_cy<46>
                                                       calcfreq/Mcount_CurrCount_xor<47>
                                                       calcfreq/CurrCount_47
    -------------------------------------------------  ---------------------------
    Total                                      6.133ns (4.832ns logic, 1.301ns route)
                                                       (78.8% logic, 21.2% route)

--------------------------------------------------------------------------------
Slack (setup path):     33.938ns (requirement - (data path - clock path skew + uncertainty))
  Source:               calcfreq/CurrCount_1 (FF)
  Destination:          calcfreq/CurrCount_47 (FF)
  Requirement:          40.000ns
  Data Path Delay:      6.052ns (Levels of Logic = 24)
  Clock Path Skew:      -0.010ns (0.024 - 0.034)
  Source Clock:         CLK_BUFGP rising at 0.000ns
  Destination Clock:    CLK_BUFGP rising at 40.000ns
  Clock Uncertainty:    0.000ns

  Maximum Data Path: calcfreq/CurrCount_1 to calcfreq/CurrCount_47
    Location             Delay type         Delay(ns)  Physical Resource
                                                       Logical Resource(s)
    -------------------------------------------------  -------------------
    SLICE_X29Y6.YQ       Tcko                  0.587   calcfreq/CurrCount<0>
                                                       calcfreq/CurrCount_1
    SLICE_X29Y6.G1       net (fanout=7)        0.866   calcfreq/CurrCount<1>
    SLICE_X29Y6.COUT     Topcyg                1.001   calcfreq/CurrCount<0>
                                                       calcfreq/CurrCount<1>_rt
                                                       calcfreq/Mcount_CurrCount_cy<1>
    SLICE_X29Y7.CIN      net (fanout=1)        0.000   calcfreq/Mcount_CurrCount_cy<1>
    SLICE_X29Y7.COUT     Tbyp                  0.118   calcfreq/CurrCount<2>
                                                       calcfreq/Mcount_CurrCount_cy<2>
                                                       calcfreq/Mcount_CurrCount_cy<3>
    SLICE_X29Y8.CIN      net (fanout=1)        0.000   calcfreq/Mcount_CurrCount_cy<3>
    SLICE_X29Y8.COUT     Tbyp                  0.118   calcfreq/CurrCount<4>
                                                       calcfreq/Mcount_CurrCount_cy<4>
                                                       calcfreq/Mcount_CurrCount_cy<5>
    SLICE_X29Y9.CIN      net (fanout=1)        0.000   calcfreq/Mcount_CurrCount_cy<5>
    SLICE_X29Y9.COUT     Tbyp                  0.118   calcfreq/CurrCount<6>
                                                       calcfreq/Mcount_CurrCount_cy<6>
                                                       calcfreq/Mcount_CurrCount_cy<7>
    SLICE_X29Y10.CIN     net (fanout=1)        0.000   calcfreq/Mcount_CurrCount_cy<7>
    SLICE_X29Y10.COUT    Tbyp                  0.118   calcfreq/CurrCount<8>
                                                       calcfreq/Mcount_CurrCount_cy<8>
                                                       calcfreq/Mcount_CurrCount_cy<9>
    SLICE_X29Y11.CIN     net (fanout=1)        0.000   calcfreq/Mcount_CurrCount_cy<9>
    SLICE_X29Y11.COUT    Tbyp                  0.118   calcfreq/CurrCount<10>
                                                       calcfreq/Mcount_CurrCount_cy<10>
                                                       calcfreq/Mcount_CurrCount_cy<11>
    SLICE_X29Y12.CIN     net (fanout=1)        0.000   calcfreq/Mcount_CurrCount_cy<11>
    SLICE_X29Y12.COUT    Tbyp                  0.118   calcfreq/CurrCount<12>
                                                       calcfreq/Mcount_CurrCount_cy<12>
                                                       calcfreq/Mcount_CurrCount_cy<13>
    SLICE_X29Y13.CIN     net (fanout=1)        0.000   calcfreq/Mcount_CurrCount_cy<13>
    SLICE_X29Y13.COUT    Tbyp                  0.118   calcfreq/CurrCount<14>
                                                       calcfreq/Mcount_CurrCount_cy<14>
                                                       calcfreq/Mcount_CurrCount_cy<15>
    SLICE_X29Y14.CIN     net (fanout=1)        0.000   calcfreq/Mcount_CurrCount_cy<15>
    SLICE_X29Y14.COUT    Tbyp                  0.118   calcfreq/CurrCount<16>
                                                       calcfreq/Mcount_CurrCount_cy<16>
                                                       calcfreq/Mcount_CurrCount_cy<17>
    SLICE_X29Y15.CIN     net (fanout=1)        0.000   calcfreq/Mcount_CurrCount_cy<17>
    SLICE_X29Y15.COUT    Tbyp                  0.118   calcfreq/CurrCount<18>
                                                       calcfreq/Mcount_CurrCount_cy<18>
                                                       calcfreq/Mcount_CurrCount_cy<19>
    SLICE_X29Y16.CIN     net (fanout=1)        0.000   calcfreq/Mcount_CurrCount_cy<19>
    SLICE_X29Y16.COUT    Tbyp                  0.118   calcfreq/CurrCount<20>
                                                       calcfreq/Mcount_CurrCount_cy<20>
                                                       calcfreq/Mcount_CurrCount_cy<21>
    SLICE_X29Y17.CIN     net (fanout=1)        0.000   calcfreq/Mcount_CurrCount_cy<21>
    SLICE_X29Y17.COUT    Tbyp                  0.118   calcfreq/CurrCount<22>
                                                       calcfreq/Mcount_CurrCount_cy<22>
                                                       calcfreq/Mcount_CurrCount_cy<23>
    SLICE_X29Y18.CIN     net (fanout=1)        0.000   calcfreq/Mcount_CurrCount_cy<23>
    SLICE_X29Y18.COUT    Tbyp                  0.118   calcfreq/CurrCount<24>
                                                       calcfreq/Mcount_CurrCount_cy<24>
                                                       calcfreq/Mcount_CurrCount_cy<25>
    SLICE_X29Y19.CIN     net (fanout=1)        0.000   calcfreq/Mcount_CurrCount_cy<25>
    SLICE_X29Y19.COUT    Tbyp                  0.118   calcfreq/CurrCount<26>
                                                       calcfreq/Mcount_CurrCount_cy<26>
                                                       calcfreq/Mcount_CurrCount_cy<27>
    SLICE_X29Y20.CIN     net (fanout=1)        0.000   calcfreq/Mcount_CurrCount_cy<27>
    SLICE_X29Y20.COUT    Tbyp                  0.118   calcfreq/CurrCount<28>
                                                       calcfreq/Mcount_CurrCount_cy<28>
                                                       calcfreq/Mcount_CurrCount_cy<29>
    SLICE_X29Y21.CIN     net (fanout=1)        0.000   calcfreq/Mcount_CurrCount_cy<29>
    SLICE_X29Y21.COUT    Tbyp                  0.118   calcfreq/CurrCount<30>
                                                       calcfreq/Mcount_CurrCount_cy<30>
                                                       calcfreq/Mcount_CurrCount_cy<31>
    SLICE_X29Y22.CIN     net (fanout=1)        0.000   calcfreq/Mcount_CurrCount_cy<31>
    SLICE_X29Y22.COUT    Tbyp                  0.118   calcfreq/CurrCount<32>
                                                       calcfreq/Mcount_CurrCount_cy<32>
                                                       calcfreq/Mcount_CurrCount_cy<33>
    SLICE_X29Y23.CIN     net (fanout=1)        0.000   calcfreq/Mcount_CurrCount_cy<33>
    SLICE_X29Y23.COUT    Tbyp                  0.118   calcfreq/CurrCount<34>
                                                       calcfreq/Mcount_CurrCount_cy<34>
                                                       calcfreq/Mcount_CurrCount_cy<35>
    SLICE_X29Y24.CIN     net (fanout=1)        0.000   calcfreq/Mcount_CurrCount_cy<35>
    SLICE_X29Y24.COUT    Tbyp                  0.118   calcfreq/CurrCount<36>
                                                       calcfreq/Mcount_CurrCount_cy<36>
                                                       calcfreq/Mcount_CurrCount_cy<37>
    SLICE_X29Y25.CIN     net (fanout=1)        0.000   calcfreq/Mcount_CurrCount_cy<37>
    SLICE_X29Y25.COUT    Tbyp                  0.118   calcfreq/CurrCount<38>
                                                       calcfreq/Mcount_CurrCount_cy<38>
                                                       calcfreq/Mcount_CurrCount_cy<39>
    SLICE_X29Y26.CIN     net (fanout=1)        0.000   calcfreq/Mcount_CurrCount_cy<39>
    SLICE_X29Y26.COUT    Tbyp                  0.118   calcfreq/CurrCount<40>
                                                       calcfreq/Mcount_CurrCount_cy<40>
                                                       calcfreq/Mcount_CurrCount_cy<41>
    SLICE_X29Y27.CIN     net (fanout=1)        0.000   calcfreq/Mcount_CurrCount_cy<41>
    SLICE_X29Y27.COUT    Tbyp                  0.118   calcfreq/CurrCount<42>
                                                       calcfreq/Mcount_CurrCount_cy<42>
                                                       calcfreq/Mcount_CurrCount_cy<43>
    SLICE_X29Y28.CIN     net (fanout=1)        0.000   calcfreq/Mcount_CurrCount_cy<43>
    SLICE_X29Y28.COUT    Tbyp                  0.118   calcfreq/CurrCount<44>
                                                       calcfreq/Mcount_CurrCount_cy<44>
                                                       calcfreq/Mcount_CurrCount_cy<45>
    SLICE_X29Y29.CIN     net (fanout=1)        0.000   calcfreq/Mcount_CurrCount_cy<45>
    SLICE_X29Y29.CLK     Tcinck                1.002   calcfreq/CurrCount<46>
                                                       calcfreq/Mcount_CurrCount_cy<46>
                                                       calcfreq/Mcount_CurrCount_xor<47>
                                                       calcfreq/CurrCount_47
    -------------------------------------------------  ---------------------------
    Total                                      6.052ns (5.186ns logic, 0.866ns route)
                                                       (85.7% logic, 14.3% route)

--------------------------------------------------------------------------------
Slack (setup path):     33.983ns (requirement - (data path - clock path skew + uncertainty))
  Source:               calcfreq/CurrCount_0 (FF)
  Destination:          calcfreq/CurrCount_47 (FF)
  Requirement:          40.000ns
  Data Path Delay:      6.007ns (Levels of Logic = 24)
  Clock Path Skew:      -0.010ns (0.024 - 0.034)
  Source Clock:         CLK_BUFGP rising at 0.000ns
  Destination Clock:    CLK_BUFGP rising at 40.000ns
  Clock Uncertainty:    0.000ns

  Maximum Data Path: calcfreq/CurrCount_0 to calcfreq/CurrCount_47
    Location             Delay type         Delay(ns)  Physical Resource
                                                       Logical Resource(s)
    -------------------------------------------------  -------------------
    SLICE_X29Y6.XQ       Tcko                  0.591   calcfreq/CurrCount<0>
                                                       calcfreq/CurrCount_0
    SLICE_X29Y6.F1       net (fanout=6)        0.656   calcfreq/CurrCount<0>
    SLICE_X29Y6.COUT     Topcyf                1.162   calcfreq/CurrCount<0>
                                                       calcfreq/Mcount_CurrCount_lut<0>_INV_0
                                                       calcfreq/Mcount_CurrCount_cy<0>
                                                       calcfreq/Mcount_CurrCount_cy<1>
    SLICE_X29Y7.CIN      net (fanout=1)        0.000   calcfreq/Mcount_CurrCount_cy<1>
    SLICE_X29Y7.COUT     Tbyp                  0.118   calcfreq/CurrCount<2>
                                                       calcfreq/Mcount_CurrCount_cy<2>
                                                       calcfreq/Mcount_CurrCount_cy<3>
    SLICE_X29Y8.CIN      net (fanout=1)        0.000   calcfreq/Mcount_CurrCount_cy<3>
    SLICE_X29Y8.COUT     Tbyp                  0.118   calcfreq/CurrCount<4>
                                                       calcfreq/Mcount_CurrCount_cy<4>
                                                       calcfreq/Mcount_CurrCount_cy<5>
    SLICE_X29Y9.CIN      net (fanout=1)        0.000   calcfreq/Mcount_CurrCount_cy<5>
    SLICE_X29Y9.COUT     Tbyp                  0.118   calcfreq/CurrCount<6>
                                                       calcfreq/Mcount_CurrCount_cy<6>
                                                       calcfreq/Mcount_CurrCount_cy<7>
    SLICE_X29Y10.CIN     net (fanout=1)        0.000   calcfreq/Mcount_CurrCount_cy<7>
    SLICE_X29Y10.COUT    Tbyp                  0.118   calcfreq/CurrCount<8>
                                                       calcfreq/Mcount_CurrCount_cy<8>
                                                       calcfreq/Mcount_CurrCount_cy<9>
    SLICE_X29Y11.CIN     net (fanout=1)        0.000   calcfreq/Mcount_CurrCount_cy<9>
    SLICE_X29Y11.COUT    Tbyp                  0.118   calcfreq/CurrCount<10>
                                                       calcfreq/Mcount_CurrCount_cy<10>
                                                       calcfreq/Mcount_CurrCount_cy<11>
    SLICE_X29Y12.CIN     net (fanout=1)        0.000   calcfreq/Mcount_CurrCount_cy<11>
    SLICE_X29Y12.COUT    Tbyp                  0.118   calcfreq/CurrCount<12>
                                                       calcfreq/Mcount_CurrCount_cy<12>
                                                       calcfreq/Mcount_CurrCount_cy<13>
    SLICE_X29Y13.CIN     net (fanout=1)        0.000   calcfreq/Mcount_CurrCount_cy<13>
    SLICE_X29Y13.COUT    Tbyp                  0.118   calcfreq/CurrCount<14>
                                                       calcfreq/Mcount_CurrCount_cy<14>
                                                       calcfreq/Mcount_CurrCount_cy<15>
    SLICE_X29Y14.CIN     net (fanout=1)        0.000   calcfreq/Mcount_CurrCount_cy<15>
    SLICE_X29Y14.COUT    Tbyp                  0.118   calcfreq/CurrCount<16>
                                                       calcfreq/Mcount_CurrCount_cy<16>
                                                       calcfreq/Mcount_CurrCount_cy<17>
    SLICE_X29Y15.CIN     net (fanout=1)        0.000   calcfreq/Mcount_CurrCount_cy<17>
    SLICE_X29Y15.COUT    Tbyp                  0.118   calcfreq/CurrCount<18>
                                                       calcfreq/Mcount_CurrCount_cy<18>
                                                       calcfreq/Mcount_CurrCount_cy<19>
    SLICE_X29Y16.CIN     net (fanout=1)        0.000   calcfreq/Mcount_CurrCount_cy<19>
    SLICE_X29Y16.COUT    Tbyp                  0.118   calcfreq/CurrCount<20>
                                                       calcfreq/Mcount_CurrCount_cy<20>
                                                       calcfreq/Mcount_CurrCount_cy<21>
    SLICE_X29Y17.CIN     net (fanout=1)        0.000   calcfreq/Mcount_CurrCount_cy<21>
    SLICE_X29Y17.COUT    Tbyp                  0.118   calcfreq/CurrCount<22>
                                                       calcfreq/Mcount_CurrCount_cy<22>
                                                       calcfreq/Mcount_CurrCount_cy<23>
    SLICE_X29Y18.CIN     net (fanout=1)        0.000   calcfreq/Mcount_CurrCount_cy<23>
    SLICE_X29Y18.COUT    Tbyp                  0.118   calcfreq/CurrCount<24>
                                                       calcfreq/Mcount_CurrCount_cy<24>
                                                       calcfreq/Mcount_CurrCount_cy<25>
    SLICE_X29Y19.CIN     net (fanout=1)        0.000   calcfreq/Mcount_CurrCount_cy<25>
    SLICE_X29Y19.COUT    Tbyp                  0.118   calcfreq/CurrCount<26>
                                                       calcfreq/Mcount_CurrCount_cy<26>
                                                       calcfreq/Mcount_CurrCount_cy<27>
    SLICE_X29Y20.CIN     net (fanout=1)        0.000   calcfreq/Mcount_CurrCount_cy<27>
    SLICE_X29Y20.COUT    Tbyp                  0.118   calcfreq/CurrCount<28>
                                                       calcfreq/Mcount_CurrCount_cy<28>
                                                       calcfreq/Mcount_CurrCount_cy<29>
    SLICE_X29Y21.CIN     net (fanout=1)        0.000   calcfreq/Mcount_CurrCount_cy<29>
    SLICE_X29Y21.COUT    Tbyp                  0.118   calcfreq/CurrCount<30>
                                                       calcfreq/Mcount_CurrCount_cy<30>
                                                       calcfreq/Mcount_CurrCount_cy<31>
    SLICE_X29Y22.CIN     net (fanout=1)        0.000   calcfreq/Mcount_CurrCount_cy<31>
    SLICE_X29Y22.COUT    Tbyp                  0.118   calcfreq/CurrCount<32>
                                                       calcfreq/Mcount_CurrCount_cy<32>
                                                       calcfreq/Mcount_CurrCount_cy<33>
    SLICE_X29Y23.CIN     net (fanout=1)        0.000   calcfreq/Mcount_CurrCount_cy<33>
    SLICE_X29Y23.COUT    Tbyp                  0.118   calcfreq/CurrCount<34>
                                                       calcfreq/Mcount_CurrCount_cy<34>
                                                       calcfreq/Mcount_CurrCount_cy<35>
    SLICE_X29Y24.CIN     net (fanout=1)        0.000   calcfreq/Mcount_CurrCount_cy<35>
    SLICE_X29Y24.COUT    Tbyp                  0.118   calcfreq/CurrCount<36>
                                                       calcfreq/Mcount_CurrCount_cy<36>
                                                       calcfreq/Mcount_CurrCount_cy<37>
    SLICE_X29Y25.CIN     net (fanout=1)        0.000   calcfreq/Mcount_CurrCount_cy<37>
    SLICE_X29Y25.COUT    Tbyp                  0.118   calcfreq/CurrCount<38>
                                                       calcfreq/Mcount_CurrCount_cy<38>
                                                       calcfreq/Mcount_CurrCount_cy<39>
    SLICE_X29Y26.CIN     net (fanout=1)        0.000   calcfreq/Mcount_CurrCount_cy<39>
    SLICE_X29Y26.COUT    Tbyp                  0.118   calcfreq/CurrCount<40>
                                                       calcfreq/Mcount_CurrCount_cy<40>
                                                       calcfreq/Mcount_CurrCount_cy<41>
    SLICE_X29Y27.CIN     net (fanout=1)        0.000   calcfreq/Mcount_CurrCount_cy<41>
    SLICE_X29Y27.COUT    Tbyp                  0.118   calcfreq/CurrCount<42>
                                                       calcfreq/Mcount_CurrCount_cy<42>
                                                       calcfreq/Mcount_CurrCount_cy<43>
    SLICE_X29Y28.CIN     net (fanout=1)        0.000   calcfreq/Mcount_CurrCount_cy<43>
    SLICE_X29Y28.COUT    Tbyp                  0.118   calcfreq/CurrCount<44>
                                                       calcfreq/Mcount_CurrCount_cy<44>
                                                       calcfreq/Mcount_CurrCount_cy<45>
    SLICE_X29Y29.CIN     net (fanout=1)        0.000   calcfreq/Mcount_CurrCount_cy<45>
    SLICE_X29Y29.CLK     Tcinck                1.002   calcfreq/CurrCount<46>
                                                       calcfreq/Mcount_CurrCount_cy<46>
                                                       calcfreq/Mcount_CurrCount_xor<47>
                                                       calcfreq/CurrCount_47
    -------------------------------------------------  ---------------------------
    Total                                      6.007ns (5.351ns logic, 0.656ns route)
                                                       (89.1% logic, 10.9% route)

--------------------------------------------------------------------------------

Paths for end point calcfreq/CurrCount_45 (SLICE_X29Y28.CIN), 44 paths
--------------------------------------------------------------------------------
Slack (setup path):     33.977ns (requirement - (data path - clock path skew + uncertainty))
  Source:               calcfreq/CurrCount_7 (FF)
  Destination:          calcfreq/CurrCount_45 (FF)
  Requirement:          40.000ns
  Data Path Delay:      6.015ns (Levels of Logic = 20)
  Clock Path Skew:      -0.008ns (0.024 - 0.032)
  Source Clock:         CLK_BUFGP rising at 0.000ns
  Destination Clock:    CLK_BUFGP rising at 40.000ns
  Clock Uncertainty:    0.000ns

  Maximum Data Path: calcfreq/CurrCount_7 to calcfreq/CurrCount_45
    Location             Delay type         Delay(ns)  Physical Resource
                                                       Logical Resource(s)
    -------------------------------------------------  -------------------
    SLICE_X29Y9.YQ       Tcko                  0.587   calcfreq/CurrCount<6>
                                                       calcfreq/CurrCount_7
    SLICE_X29Y9.G2       net (fanout=7)        1.301   calcfreq/CurrCount<7>
    SLICE_X29Y9.COUT     Topcyg                1.001   calcfreq/CurrCount<6>
                                                       calcfreq/CurrCount<7>_rt
                                                       calcfreq/Mcount_CurrCount_cy<7>
    SLICE_X29Y10.CIN     net (fanout=1)        0.000   calcfreq/Mcount_CurrCount_cy<7>
    SLICE_X29Y10.COUT    Tbyp                  0.118   calcfreq/CurrCount<8>
                                                       calcfreq/Mcount_CurrCount_cy<8>
                                                       calcfreq/Mcount_CurrCount_cy<9>
    SLICE_X29Y11.CIN     net (fanout=1)        0.000   calcfreq/Mcount_CurrCount_cy<9>
    SLICE_X29Y11.COUT    Tbyp                  0.118   calcfreq/CurrCount<10>
                                                       calcfreq/Mcount_CurrCount_cy<10>
                                                       calcfreq/Mcount_CurrCount_cy<11>
    SLICE_X29Y12.CIN     net (fanout=1)        0.000   calcfreq/Mcount_CurrCount_cy<11>
    SLICE_X29Y12.COUT    Tbyp                  0.118   calcfreq/CurrCount<12>
                                                       calcfreq/Mcount_CurrCount_cy<12>
                                                       calcfreq/Mcount_CurrCount_cy<13>
    SLICE_X29Y13.CIN     net (fanout=1)        0.000   calcfreq/Mcount_CurrCount_cy<13>
    SLICE_X29Y13.COUT    Tbyp                  0.118   calcfreq/CurrCount<14>
                                                       calcfreq/Mcount_CurrCount_cy<14>
                                                       calcfreq/Mcount_CurrCount_cy<15>
    SLICE_X29Y14.CIN     net (fanout=1)        0.000   calcfreq/Mcount_CurrCount_cy<15>
    SLICE_X29Y14.COUT    Tbyp                  0.118   calcfreq/CurrCount<16>
                                                       calcfreq/Mcount_CurrCount_cy<16>
                                                       calcfreq/Mcount_CurrCount_cy<17>
    SLICE_X29Y15.CIN     net (fanout=1)        0.000   calcfreq/Mcount_CurrCount_cy<17>
    SLICE_X29Y15.COUT    Tbyp                  0.118   calcfreq/CurrCount<18>
                                                       calcfreq/Mcount_CurrCount_cy<18>
                                                       calcfreq/Mcount_CurrCount_cy<19>
    SLICE_X29Y16.CIN     net (fanout=1)        0.000   calcfreq/Mcount_CurrCount_cy<19>
    SLICE_X29Y16.COUT    Tbyp                  0.118   calcfreq/CurrCount<20>
                                                       calcfreq/Mcount_CurrCount_cy<20>
                                                       calcfreq/Mcount_CurrCount_cy<21>
    SLICE_X29Y17.CIN     net (fanout=1)        0.000   calcfreq/Mcount_CurrCount_cy<21>
    SLICE_X29Y17.COUT    Tbyp                  0.118   calcfreq/CurrCount<22>
                                                       calcfreq/Mcount_CurrCount_cy<22>
                                                       calcfreq/Mcount_CurrCount_cy<23>
    SLICE_X29Y18.CIN     net (fanout=1)        0.000   calcfreq/Mcount_CurrCount_cy<23>
    SLICE_X29Y18.COUT    Tbyp                  0.118   calcfreq/CurrCount<24>
                                                       calcfreq/Mcount_CurrCount_cy<24>
                                                       calcfreq/Mcount_CurrCount_cy<25>
    SLICE_X29Y19.CIN     net (fanout=1)        0.000   calcfreq/Mcount_CurrCount_cy<25>
    SLICE_X29Y19.COUT    Tbyp                  0.118   calcfreq/CurrCount<26>
                                                       calcfreq/Mcount_CurrCount_cy<26>
                                                       calcfreq/Mcount_CurrCount_cy<27>
    SLICE_X29Y20.CIN     net (fanout=1)        0.000   calcfreq/Mcount_CurrCount_cy<27>
    SLICE_X29Y20.COUT    Tbyp                  0.118   calcfreq/CurrCount<28>
                                                       calcfreq/Mcount_CurrCount_cy<28>
                                                       calcfreq/Mcount_CurrCount_cy<29>
    SLICE_X29Y21.CIN     net (fanout=1)        0.000   calcfreq/Mcount_CurrCount_cy<29>
    SLICE_X29Y21.COUT    Tbyp                  0.118   calcfreq/CurrCount<30>
                                                       calcfreq/Mcount_CurrCount_cy<30>
                                                       calcfreq/Mcount_CurrCount_cy<31>
    SLICE_X29Y22.CIN     net (fanout=1)        0.000   calcfreq/Mcount_CurrCount_cy<31>
    SLICE_X29Y22.COUT    Tbyp                  0.118   calcfreq/CurrCount<32>
                                                       calcfreq/Mcount_CurrCount_cy<32>
                                                       calcfreq/Mcount_CurrCount_cy<33>
    SLICE_X29Y23.CIN     net (fanout=1)        0.000   calcfreq/Mcount_CurrCount_cy<33>
    SLICE_X29Y23.COUT    Tbyp                  0.118   calcfreq/CurrCount<34>
                                                       calcfreq/Mcount_CurrCount_cy<34>
                                                       calcfreq/Mcount_CurrCount_cy<35>
    SLICE_X29Y24.CIN     net (fanout=1)        0.000   calcfreq/Mcount_CurrCount_cy<35>
    SLICE_X29Y24.COUT    Tbyp                  0.118   calcfreq/CurrCount<36>
                                                       calcfreq/Mcount_CurrCount_cy<36>
                                                       calcfreq/Mcount_CurrCount_cy<37>
    SLICE_X29Y25.CIN     net (fanout=1)        0.000   calcfreq/Mcount_CurrCount_cy<37>
    SLICE_X29Y25.COUT    Tbyp                  0.118   calcfreq/CurrCount<38>
                                                       calcfreq/Mcount_CurrCount_cy<38>
                                                       calcfreq/Mcount_CurrCount_cy<39>
    SLICE_X29Y26.CIN     net (fanout=1)        0.000   calcfreq/Mcount_CurrCount_cy<39>
    SLICE_X29Y26.COUT    Tbyp                  0.118   calcfreq/CurrCount<40>
                                                       calcfreq/Mcount_CurrCount_cy<40>
                                                       calcfreq/Mcount_CurrCount_cy<41>
    SLICE_X29Y27.CIN     net (fanout=1)        0.000   calcfreq/Mcount_CurrCount_cy<41>
    SLICE_X29Y27.COUT    Tbyp                  0.118   calcfreq/CurrCount<42>
                                                       calcfreq/Mcount_CurrCount_cy<42>
                                                       calcfreq/Mcount_CurrCount_cy<43>
    SLICE_X29Y28.CIN     net (fanout=1)        0.000   calcfreq/Mcount_CurrCount_cy<43>
    SLICE_X29Y28.CLK     Tcinck                1.002   calcfreq/CurrCount<44>
                                                       calcfreq/Mcount_CurrCount_cy<44>
                                                       calcfreq/Mcount_CurrCount_xor<45>
                                                       calcfreq/CurrCount_45
    -------------------------------------------------  ---------------------------
    Total                                      6.015ns (4.714ns logic, 1.301ns route)
                                                       (78.4% logic, 21.6% route)

--------------------------------------------------------------------------------
Slack (setup path):     34.056ns (requirement - (data path - clock path skew + uncertainty))
  Source:               calcfreq/CurrCount_1 (FF)
  Destination:          calcfreq/CurrCount_45 (FF)
  Requirement:          40.000ns
  Data Path Delay:      5.934ns (Levels of Logic = 23)
  Clock Path Skew:      -0.010ns (0.024 - 0.034)
  Source Clock:         CLK_BUFGP rising at 0.000ns
  Destination Clock:    CLK_BUFGP rising at 40.000ns
  Clock Uncertainty:    0.000ns

  Maximum Data Path: calcfreq/CurrCount_1 to calcfreq/CurrCount_45
    Location             Delay type         Delay(ns)  Physical Resource
                                                       Logical Resource(s)
    -------------------------------------------------  -------------------
    SLICE_X29Y6.YQ       Tcko                  0.587   calcfreq/CurrCount<0>
                                                       calcfreq/CurrCount_1
    SLICE_X29Y6.G1       net (fanout=7)        0.866   calcfreq/CurrCount<1>
    SLICE_X29Y6.COUT     Topcyg                1.001   calcfreq/CurrCount<0>
                                                       calcfreq/CurrCount<1>_rt
                                                       calcfreq/Mcount_CurrCount_cy<1>
    SLICE_X29Y7.CIN      net (fanout=1)        0.000   calcfreq/Mcount_CurrCount_cy<1>
    SLICE_X29Y7.COUT     Tbyp                  0.118   calcfreq/CurrCount<2>
                                                       calcfreq/Mcount_CurrCount_cy<2>
                                                       calcfreq/Mcount_CurrCount_cy<3>
    SLICE_X29Y8.CIN      net (fanout=1)        0.000   calcfreq/Mcount_CurrCount_cy<3>
    SLICE_X29Y8.COUT     Tbyp                  0.118   calcfreq/CurrCount<4>
                                                       calcfreq/Mcount_CurrCount_cy<4>
                                                       calcfreq/Mcount_CurrCount_cy<5>
    SLICE_X29Y9.CIN      net (fanout=1)        0.000   calcfreq/Mcount_CurrCount_cy<5>
    SLICE_X29Y9.COUT     Tbyp                  0.118   calcfreq/CurrCount<6>
                                                       calcfreq/Mcount_CurrCount_cy<6>
                                                       calcfreq/Mcount_CurrCount_cy<7>
    SLICE_X29Y10.CIN     net (fanout=1)        0.000   calcfreq/Mcount_CurrCount_cy<7>
    SLICE_X29Y10.COUT    Tbyp                  0.118   calcfreq/CurrCount<8>
                                                       calcfreq/Mcount_CurrCount_cy<8>
                                                       calcfreq/Mcount_CurrCount_cy<9>
    SLICE_X29Y11.CIN     net (fanout=1)        0.000   calcfreq/Mcount_CurrCount_cy<9>
    SLICE_X29Y11.COUT    Tbyp                  0.118   calcfreq/CurrCount<10>
                                                       calcfreq/Mcount_CurrCount_cy<10>
                                                       calcfreq/Mcount_CurrCount_cy<11>
    SLICE_X29Y12.CIN     net (fanout=1)        0.000   calcfreq/Mcount_CurrCount_cy<11>
    SLICE_X29Y12.COUT    Tbyp                  0.118   calcfreq/CurrCount<12>
                                                       calcfreq/Mcount_CurrCount_cy<12>
                                                       calcfreq/Mcount_CurrCount_cy<13>
    SLICE_X29Y13.CIN     net (fanout=1)        0.000   calcfreq/Mcount_CurrCount_cy<13>
    SLICE_X29Y13.COUT    Tbyp                  0.118   calcfreq/CurrCount<14>
                                                       calcfreq/Mcount_CurrCount_cy<14>
                                                       calcfreq/Mcount_CurrCount_cy<15>
    SLICE_X29Y14.CIN     net (fanout=1)        0.000   calcfreq/Mcount_CurrCount_cy<15>
    SLICE_X29Y14.COUT    Tbyp                  0.118   calcfreq/CurrCount<16>
                                                       calcfreq/Mcount_CurrCount_cy<16>
                                                       calcfreq/Mcount_CurrCount_cy<17>
    SLICE_X29Y15.CIN     net (fanout=1)        0.000   calcfreq/Mcount_CurrCount_cy<17>
    SLICE_X29Y15.COUT    Tbyp                  0.118   calcfreq/CurrCount<18>
                                                       calcfreq/Mcount_CurrCount_cy<18>
                                                       calcfreq/Mcount_CurrCount_cy<19>
    SLICE_X29Y16.CIN     net (fanout=1)        0.000   calcfreq/Mcount_CurrCount_cy<19>
    SLICE_X29Y16.COUT    Tbyp                  0.118   calcfreq/CurrCount<20>
                                                       calcfreq/Mcount_CurrCount_cy<20>
                                                       calcfreq/Mcount_CurrCount_cy<21>
    SLICE_X29Y17.CIN     net (fanout=1)        0.000   calcfreq/Mcount_CurrCount_cy<21>
    SLICE_X29Y17.COUT    Tbyp                  0.118   calcfreq/CurrCount<22>
                                                       calcfreq/Mcount_CurrCount_cy<22>
                                                       calcfreq/Mcount_CurrCount_cy<23>
    SLICE_X29Y18.CIN     net (fanout=1)        0.000   calcfreq/Mcount_CurrCount_cy<23>
    SLICE_X29Y18.COUT    Tbyp                  0.118   calcfreq/CurrCount<24>
                                                       calcfreq/Mcount_CurrCount_cy<24>
                                                       calcfreq/Mcount_CurrCount_cy<25>
    SLICE_X29Y19.CIN     net (fanout=1)        0.000   calcfreq/Mcount_CurrCount_cy<25>
    SLICE_X29Y19.COUT    Tbyp                  0.118   calcfreq/CurrCount<26>
                                                       calcfreq/Mcount_CurrCount_cy<26>
                                                       calcfreq/Mcount_CurrCount_cy<27>
    SLICE_X29Y20.CIN     net (fanout=1)        0.000   calcfreq/Mcount_CurrCount_cy<27>
    SLICE_X29Y20.COUT    Tbyp                  0.118   calcfreq/CurrCount<28>
                                                       calcfreq/Mcount_CurrCount_cy<28>
                                                       calcfreq/Mcount_CurrCount_cy<29>
    SLICE_X29Y21.CIN     net (fanout=1)        0.000   calcfreq/Mcount_CurrCount_cy<29>
    SLICE_X29Y21.COUT    Tbyp                  0.118   calcfreq/CurrCount<30>
                                                       calcfreq/Mcount_CurrCount_cy<30>
                                                       calcfreq/Mcount_CurrCount_cy<31>
    SLICE_X29Y22.CIN     net (fanout=1)        0.000   calcfreq/Mcount_CurrCount_cy<31>
    SLICE_X29Y22.COUT    Tbyp                  0.118   calcfreq/CurrCount<32>
                                                       calcfreq/Mcount_CurrCount_cy<32>
                                                       calcfreq/Mcount_CurrCount_cy<33>
    SLICE_X29Y23.CIN     net (fanout=1)        0.000   calcfreq/Mcount_CurrCount_cy<33>
    SLICE_X29Y23.COUT    Tbyp                  0.118   calcfreq/CurrCount<34>
                                                       calcfreq/Mcount_CurrCount_cy<34>
                                                       calcfreq/Mcount_CurrCount_cy<35>
    SLICE_X29Y24.CIN     net (fanout=1)        0.000   calcfreq/Mcount_CurrCount_cy<35>
    SLICE_X29Y24.COUT    Tbyp                  0.118   calcfreq/CurrCount<36>
                                                       calcfreq/Mcount_CurrCount_cy<36>
                                                       calcfreq/Mcount_CurrCount_cy<37>
    SLICE_X29Y25.CIN     net (fanout=1)        0.000   calcfreq/Mcount_CurrCount_cy<37>
    SLICE_X29Y25.COUT    Tbyp                  0.118   calcfreq/CurrCount<38>
                                                       calcfreq/Mcount_CurrCount_cy<38>
                                                       calcfreq/Mcount_CurrCount_cy<39>
    SLICE_X29Y26.CIN     net (fanout=1)        0.000   calcfreq/Mcount_CurrCount_cy<39>
    SLICE_X29Y26.COUT    Tbyp                  0.118   calcfreq/CurrCount<40>
                                                       calcfreq/Mcount_CurrCount_cy<40>
                                                       calcfreq/Mcount_CurrCount_cy<41>
    SLICE_X29Y27.CIN     net (fanout=1)        0.000   calcfreq/Mcount_CurrCount_cy<41>
    SLICE_X29Y27.COUT    Tbyp                  0.118   calcfreq/CurrCount<42>
                                                       calcfreq/Mcount_CurrCount_cy<42>
                                                       calcfreq/Mcount_CurrCount_cy<43>
    SLICE_X29Y28.CIN     net (fanout=1)        0.000   calcfreq/Mcount_CurrCount_cy<43>
    SLICE_X29Y28.CLK     Tcinck                1.002   calcfreq/CurrCount<44>
                                                       calcfreq/Mcount_CurrCount_cy<44>
                                                       calcfreq/Mcount_CurrCount_xor<45>
                                                       calcfreq/CurrCount_45
    -------------------------------------------------  ---------------------------
    Total                                      5.934ns (5.068ns logic, 0.866ns route)
                                                       (85.4% logic, 14.6% route)

--------------------------------------------------------------------------------
Slack (setup path):     34.101ns (requirement - (data path - clock path skew + uncertainty))
  Source:               calcfreq/CurrCount_0 (FF)
  Destination:          calcfreq/CurrCount_45 (FF)
  Requirement:          40.000ns
  Data Path Delay:      5.889ns (Levels of Logic = 23)
  Clock Path Skew:      -0.010ns (0.024 - 0.034)
  Source Clock:         CLK_BUFGP rising at 0.000ns
  Destination Clock:    CLK_BUFGP rising at 40.000ns
  Clock Uncertainty:    0.000ns

  Maximum Data Path: calcfreq/CurrCount_0 to calcfreq/CurrCount_45
    Location             Delay type         Delay(ns)  Physical Resource
                                                       Logical Resource(s)
    -------------------------------------------------  -------------------
    SLICE_X29Y6.XQ       Tcko                  0.591   calcfreq/CurrCount<0>
                                                       calcfreq/CurrCount_0
    SLICE_X29Y6.F1       net (fanout=6)        0.656   calcfreq/CurrCount<0>
    SLICE_X29Y6.COUT     Topcyf                1.162   calcfreq/CurrCount<0>
                                                       calcfreq/Mcount_CurrCount_lut<0>_INV_0
                                                       calcfreq/Mcount_CurrCount_cy<0>
                                                       calcfreq/Mcount_CurrCount_cy<1>
    SLICE_X29Y7.CIN      net (fanout=1)        0.000   calcfreq/Mcount_CurrCount_cy<1>
    SLICE_X29Y7.COUT     Tbyp                  0.118   calcfreq/CurrCount<2>
                                                       calcfreq/Mcount_CurrCount_cy<2>
                                                       calcfreq/Mcount_CurrCount_cy<3>
    SLICE_X29Y8.CIN      net (fanout=1)        0.000   calcfreq/Mcount_CurrCount_cy<3>
    SLICE_X29Y8.COUT     Tbyp                  0.118   calcfreq/CurrCount<4>
                                                       calcfreq/Mcount_CurrCount_cy<4>
                                                       calcfreq/Mcount_CurrCount_cy<5>
    SLICE_X29Y9.CIN      net (fanout=1)        0.000   calcfreq/Mcount_CurrCount_cy<5>
    SLICE_X29Y9.COUT     Tbyp                  0.118   calcfreq/CurrCount<6>
                                                       calcfreq/Mcount_CurrCount_cy<6>
                                                       calcfreq/Mcount_CurrCount_cy<7>
    SLICE_X29Y10.CIN     net (fanout=1)        0.000   calcfreq/Mcount_CurrCount_cy<7>
    SLICE_X29Y10.COUT    Tbyp                  0.118   calcfreq/CurrCount<8>
                                                       calcfreq/Mcount_CurrCount_cy<8>
                                                       calcfreq/Mcount_CurrCount_cy<9>
    SLICE_X29Y11.CIN     net (fanout=1)        0.000   calcfreq/Mcount_CurrCount_cy<9>
    SLICE_X29Y11.COUT    Tbyp                  0.118   calcfreq/CurrCount<10>
                                                       calcfreq/Mcount_CurrCount_cy<10>
                                                       calcfreq/Mcount_CurrCount_cy<11>
    SLICE_X29Y12.CIN     net (fanout=1)        0.000   calcfreq/Mcount_CurrCount_cy<11>
    SLICE_X29Y12.COUT    Tbyp                  0.118   calcfreq/CurrCount<12>
                                                       calcfreq/Mcount_CurrCount_cy<12>
                                                       calcfreq/Mcount_CurrCount_cy<13>
    SLICE_X29Y13.CIN     net (fanout=1)        0.000   calcfreq/Mcount_CurrCount_cy<13>
    SLICE_X29Y13.COUT    Tbyp                  0.118   calcfreq/CurrCount<14>
                                                       calcfreq/Mcount_CurrCount_cy<14>
                                                       calcfreq/Mcount_CurrCount_cy<15>
    SLICE_X29Y14.CIN     net (fanout=1)        0.000   calcfreq/Mcount_CurrCount_cy<15>
    SLICE_X29Y14.COUT    Tbyp                  0.118   calcfreq/CurrCount<16>
                                                       calcfreq/Mcount_CurrCount_cy<16>
                                                       calcfreq/Mcount_CurrCount_cy<17>
    SLICE_X29Y15.CIN     net (fanout=1)        0.000   calcfreq/Mcount_CurrCount_cy<17>
    SLICE_X29Y15.COUT    Tbyp                  0.118   calcfreq/CurrCount<18>
                                                       calcfreq/Mcount_CurrCount_cy<18>
                                                       calcfreq/Mcount_CurrCount_cy<19>
    SLICE_X29Y16.CIN     net (fanout=1)        0.000   calcfreq/Mcount_CurrCount_cy<19>
    SLICE_X29Y16.COUT    Tbyp                  0.118   calcfreq/CurrCount<20>
                                                       calcfreq/Mcount_CurrCount_cy<20>
                                                       calcfreq/Mcount_CurrCount_cy<21>
    SLICE_X29Y17.CIN     net (fanout=1)        0.000   calcfreq/Mcount_CurrCount_cy<21>
    SLICE_X29Y17.COUT    Tbyp                  0.118   calcfreq/CurrCount<22>
                                                       calcfreq/Mcount_CurrCount_cy<22>
                                                       calcfreq/Mcount_CurrCount_cy<23>
    SLICE_X29Y18.CIN     net (fanout=1)        0.000   calcfreq/Mcount_CurrCount_cy<23>
    SLICE_X29Y18.COUT    Tbyp                  0.118   calcfreq/CurrCount<24>
                                                       calcfreq/Mcount_CurrCount_cy<24>
                                                       calcfreq/Mcount_CurrCount_cy<25>
    SLICE_X29Y19.CIN     net (fanout=1)        0.000   calcfreq/Mcount_CurrCount_cy<25>
    SLICE_X29Y19.COUT    Tbyp                  0.118   calcfreq/CurrCount<26>
                                                       calcfreq/Mcount_CurrCount_cy<26>
                                                       calcfreq/Mcount_CurrCount_cy<27>
    SLICE_X29Y20.CIN     net (fanout=1)        0.000   calcfreq/Mcount_CurrCount_cy<27>
    SLICE_X29Y20.COUT    Tbyp                  0.118   calcfreq/CurrCount<28>
                                                       calcfreq/Mcount_CurrCount_cy<28>
                                                       calcfreq/Mcount_CurrCount_cy<29>
    SLICE_X29Y21.CIN     net (fanout=1)        0.000   calcfreq/Mcount_CurrCount_cy<29>
    SLICE_X29Y21.COUT    Tbyp                  0.118   calcfreq/CurrCount<30>
                                                       calcfreq/Mcount_CurrCount_cy<30>
                                                       calcfreq/Mcount_CurrCount_cy<31>
    SLICE_X29Y22.CIN     net (fanout=1)        0.000   calcfreq/Mcount_CurrCount_cy<31>
    SLICE_X29Y22.COUT    Tbyp                  0.118   calcfreq/CurrCount<32>
                                                       calcfreq/Mcount_CurrCount_cy<32>
                                                       calcfreq/Mcount_CurrCount_cy<33>
    SLICE_X29Y23.CIN     net (fanout=1)        0.000   calcfreq/Mcount_CurrCount_cy<33>
    SLICE_X29Y23.COUT    Tbyp                  0.118   calcfreq/CurrCount<34>
                                                       calcfreq/Mcount_CurrCount_cy<34>
                                                       calcfreq/Mcount_CurrCount_cy<35>
    SLICE_X29Y24.CIN     net (fanout=1)        0.000   calcfreq/Mcount_CurrCount_cy<35>
    SLICE_X29Y24.COUT    Tbyp                  0.118   calcfreq/CurrCount<36>
                                                       calcfreq/Mcount_CurrCount_cy<36>
                                                       calcfreq/Mcount_CurrCount_cy<37>
    SLICE_X29Y25.CIN     net (fanout=1)        0.000   calcfreq/Mcount_CurrCount_cy<37>
    SLICE_X29Y25.COUT    Tbyp                  0.118   calcfreq/CurrCount<38>
                                                       calcfreq/Mcount_CurrCount_cy<38>
                                                       calcfreq/Mcount_CurrCount_cy<39>
    SLICE_X29Y26.CIN     net (fanout=1)        0.000   calcfreq/Mcount_CurrCount_cy<39>
    SLICE_X29Y26.COUT    Tbyp                  0.118   calcfreq/CurrCount<40>
                                                       calcfreq/Mcount_CurrCount_cy<40>
                                                       calcfreq/Mcount_CurrCount_cy<41>
    SLICE_X29Y27.CIN     net (fanout=1)        0.000   calcfreq/Mcount_CurrCount_cy<41>
    SLICE_X29Y27.COUT    Tbyp                  0.118   calcfreq/CurrCount<42>
                                                       calcfreq/Mcount_CurrCount_cy<42>
                                                       calcfreq/Mcount_CurrCount_cy<43>
    SLICE_X29Y28.CIN     net (fanout=1)        0.000   calcfreq/Mcount_CurrCount_cy<43>
    SLICE_X29Y28.CLK     Tcinck                1.002   calcfreq/CurrCount<44>
                                                       calcfreq/Mcount_CurrCount_cy<44>
                                                       calcfreq/Mcount_CurrCount_xor<45>
                                                       calcfreq/CurrCount_45
    -------------------------------------------------  ---------------------------
    Total                                      5.889ns (5.233ns logic, 0.656ns route)
                                                       (88.9% logic, 11.1% route)

--------------------------------------------------------------------------------

Paths for end point calcfreq/CurrCount_43 (SLICE_X29Y27.CIN), 42 paths
--------------------------------------------------------------------------------
Slack (setup path):     34.097ns (requirement - (data path - clock path skew + uncertainty))
  Source:               calcfreq/CurrCount_7 (FF)
  Destination:          calcfreq/CurrCount_43 (FF)
  Requirement:          40.000ns
  Data Path Delay:      5.897ns (Levels of Logic = 19)
  Clock Path Skew:      -0.006ns (0.026 - 0.032)
  Source Clock:         CLK_BUFGP rising at 0.000ns
  Destination Clock:    CLK_BUFGP rising at 40.000ns
  Clock Uncertainty:    0.000ns

  Maximum Data Path: calcfreq/CurrCount_7 to calcfreq/CurrCount_43
    Location             Delay type         Delay(ns)  Physical Resource
                                                       Logical Resource(s)
    -------------------------------------------------  -------------------
    SLICE_X29Y9.YQ       Tcko                  0.587   calcfreq/CurrCount<6>
                                                       calcfreq/CurrCount_7
    SLICE_X29Y9.G2       net (fanout=7)        1.301   calcfreq/CurrCount<7>
    SLICE_X29Y9.COUT     Topcyg                1.001   calcfreq/CurrCount<6>
                                                       calcfreq/CurrCount<7>_rt
                                                       calcfreq/Mcount_CurrCount_cy<7>
    SLICE_X29Y10.CIN     net (fanout=1)        0.000   calcfreq/Mcount_CurrCount_cy<7>
    SLICE_X29Y10.COUT    Tbyp                  0.118   calcfreq/CurrCount<8>
                                                       calcfreq/Mcount_CurrCount_cy<8>
                                                       calcfreq/Mcount_CurrCount_cy<9>
    SLICE_X29Y11.CIN     net (fanout=1)        0.000   calcfreq/Mcount_CurrCount_cy<9>
    SLICE_X29Y11.COUT    Tbyp                  0.118   calcfreq/CurrCount<10>
                                                       calcfreq/Mcount_CurrCount_cy<10>
                                                       calcfreq/Mcount_CurrCount_cy<11>
    SLICE_X29Y12.CIN     net (fanout=1)        0.000   calcfreq/Mcount_CurrCount_cy<11>
    SLICE_X29Y12.COUT    Tbyp                  0.118   calcfreq/CurrCount<12>
                                                       calcfreq/Mcount_CurrCount_cy<12>
                                                       calcfreq/Mcount_CurrCount_cy<13>
    SLICE_X29Y13.CIN     net (fanout=1)        0.000   calcfreq/Mcount_CurrCount_cy<13>
    SLICE_X29Y13.COUT    Tbyp                  0.118   calcfreq/CurrCount<14>
                                                       calcfreq/Mcount_CurrCount_cy<14>
                                                       calcfreq/Mcount_CurrCount_cy<15>
    SLICE_X29Y14.CIN     net (fanout=1)        0.000   calcfreq/Mcount_CurrCount_cy<15>
    SLICE_X29Y14.COUT    Tbyp                  0.118   calcfreq/CurrCount<16>
                                                       calcfreq/Mcount_CurrCount_cy<16>
                                                       calcfreq/Mcount_CurrCount_cy<17>
    SLICE_X29Y15.CIN     net (fanout=1)        0.000   calcfreq/Mcount_CurrCount_cy<17>
    SLICE_X29Y15.COUT    Tbyp                  0.118   calcfreq/CurrCount<18>
                                                       calcfreq/Mcount_CurrCount_cy<18>
                                                       calcfreq/Mcount_CurrCount_cy<19>
    SLICE_X29Y16.CIN     net (fanout=1)        0.000   calcfreq/Mcount_CurrCount_cy<19>
    SLICE_X29Y16.COUT    Tbyp                  0.118   calcfreq/CurrCount<20>
                                                       calcfreq/Mcount_CurrCount_cy<20>
                                                       calcfreq/Mcount_CurrCount_cy<21>
    SLICE_X29Y17.CIN     net (fanout=1)        0.000   calcfreq/Mcount_CurrCount_cy<21>
    SLICE_X29Y17.COUT    Tbyp                  0.118   calcfreq/CurrCount<22>
                                                       calcfreq/Mcount_CurrCount_cy<22>
                                                       calcfreq/Mcount_CurrCount_cy<23>
    SLICE_X29Y18.CIN     net (fanout=1)        0.000   calcfreq/Mcount_CurrCount_cy<23>
    SLICE_X29Y18.COUT    Tbyp                  0.118   calcfreq/CurrCount<24>
                                                       calcfreq/Mcount_CurrCount_cy<24>
                                                       calcfreq/Mcount_CurrCount_cy<25>
    SLICE_X29Y19.CIN     net (fanout=1)        0.000   calcfreq/Mcount_CurrCount_cy<25>
    SLICE_X29Y19.COUT    Tbyp                  0.118   calcfreq/CurrCount<26>
                                                       calcfreq/Mcount_CurrCount_cy<26>
                                                       calcfreq/Mcount_CurrCount_cy<27>
    SLICE_X29Y20.CIN     net (fanout=1)        0.000   calcfreq/Mcount_CurrCount_cy<27>
    SLICE_X29Y20.COUT    Tbyp                  0.118   calcfreq/CurrCount<28>
                                                       calcfreq/Mcount_CurrCount_cy<28>
                                                       calcfreq/Mcount_CurrCount_cy<29>
    SLICE_X29Y21.CIN     net (fanout=1)        0.000   calcfreq/Mcount_CurrCount_cy<29>
    SLICE_X29Y21.COUT    Tbyp                  0.118   calcfreq/CurrCount<30>
                                                       calcfreq/Mcount_CurrCount_cy<30>
                                                       calcfreq/Mcount_CurrCount_cy<31>
    SLICE_X29Y22.CIN     net (fanout=1)        0.000   calcfreq/Mcount_CurrCount_cy<31>
    SLICE_X29Y22.COUT    Tbyp                  0.118   calcfreq/CurrCount<32>
                                                       calcfreq/Mcount_CurrCount_cy<32>
                                                       calcfreq/Mcount_CurrCount_cy<33>
    SLICE_X29Y23.CIN     net (fanout=1)        0.000   calcfreq/Mcount_CurrCount_cy<33>
    SLICE_X29Y23.COUT    Tbyp                  0.118   calcfreq/CurrCount<34>
                                                       calcfreq/Mcount_CurrCount_cy<34>
                                                       calcfreq/Mcount_CurrCount_cy<35>
    SLICE_X29Y24.CIN     net (fanout=1)        0.000   calcfreq/Mcount_CurrCount_cy<35>
    SLICE_X29Y24.COUT    Tbyp                  0.118   calcfreq/CurrCount<36>
                                                       calcfreq/Mcount_CurrCount_cy<36>
                                                       calcfreq/Mcount_CurrCount_cy<37>
    SLICE_X29Y25.CIN     net (fanout=1)        0.000   calcfreq/Mcount_CurrCount_cy<37>
    SLICE_X29Y25.COUT    Tbyp                  0.118   calcfreq/CurrCount<38>
                                                       calcfreq/Mcount_CurrCount_cy<38>
                                                       calcfreq/Mcount_CurrCount_cy<39>
    SLICE_X29Y26.CIN     net (fanout=1)        0.000   calcfreq/Mcount_CurrCount_cy<39>
    SLICE_X29Y26.COUT    Tbyp                  0.118   calcfreq/CurrCount<40>
                                                       calcfreq/Mcount_CurrCount_cy<40>
                                                       calcfreq/Mcount_CurrCount_cy<41>
    SLICE_X29Y27.CIN     net (fanout=1)        0.000   calcfreq/Mcount_CurrCount_cy<41>
    SLICE_X29Y27.CLK     Tcinck                1.002   calcfreq/CurrCount<42>
                                                       calcfreq/Mcount_CurrCount_cy<42>
                                                       calcfreq/Mcount_CurrCount_xor<43>
                                                       calcfreq/CurrCount_43
    -------------------------------------------------  ---------------------------
    Total                                      5.897ns (4.596ns logic, 1.301ns route)
                                                       (77.9% logic, 22.1% route)

--------------------------------------------------------------------------------
Slack (setup path):     34.176ns (requirement - (data path - clock path skew + uncertainty))
  Source:               calcfreq/CurrCount_1 (FF)
  Destination:          calcfreq/CurrCount_43 (FF)
  Requirement:          40.000ns
  Data Path Delay:      5.816ns (Levels of Logic = 22)
  Clock Path Skew:      -0.008ns (0.026 - 0.034)
  Source Clock:         CLK_BUFGP rising at 0.000ns
  Destination Clock:    CLK_BUFGP rising at 40.000ns
  Clock Uncertainty:    0.000ns

  Maximum Data Path: calcfreq/CurrCount_1 to calcfreq/CurrCount_43
    Location             Delay type         Delay(ns)  Physical Resource
                                                       Logical Resource(s)
    -------------------------------------------------  -------------------
    SLICE_X29Y6.YQ       Tcko                  0.587   calcfreq/CurrCount<0>
                                                       calcfreq/CurrCount_1
    SLICE_X29Y6.G1       net (fanout=7)        0.866   calcfreq/CurrCount<1>
    SLICE_X29Y6.COUT     Topcyg                1.001   calcfreq/CurrCount<0>
                                                       calcfreq/CurrCount<1>_rt
                                                       calcfreq/Mcount_CurrCount_cy<1>
    SLICE_X29Y7.CIN      net (fanout=1)        0.000   calcfreq/Mcount_CurrCount_cy<1>
    SLICE_X29Y7.COUT     Tbyp                  0.118   calcfreq/CurrCount<2>
                                                       calcfreq/Mcount_CurrCount_cy<2>
                                                       calcfreq/Mcount_CurrCount_cy<3>
    SLICE_X29Y8.CIN      net (fanout=1)        0.000   calcfreq/Mcount_CurrCount_cy<3>
    SLICE_X29Y8.COUT     Tbyp                  0.118   calcfreq/CurrCount<4>
                                                       calcfreq/Mcount_CurrCount_cy<4>
                                                       calcfreq/Mcount_CurrCount_cy<5>
    SLICE_X29Y9.CIN      net (fanout=1)        0.000   calcfreq/Mcount_CurrCount_cy<5>
    SLICE_X29Y9.COUT     Tbyp                  0.118   calcfreq/CurrCount<6>
                                                       calcfreq/Mcount_CurrCount_cy<6>
                                                       calcfreq/Mcount_CurrCount_cy<7>
    SLICE_X29Y10.CIN     net (fanout=1)        0.000   calcfreq/Mcount_CurrCount_cy<7>
    SLICE_X29Y10.COUT    Tbyp                  0.118   calcfreq/CurrCount<8>
                                                       calcfreq/Mcount_CurrCount_cy<8>
                                                       calcfreq/Mcount_CurrCount_cy<9>
    SLICE_X29Y11.CIN     net (fanout=1)        0.000   calcfreq/Mcount_CurrCount_cy<9>
    SLICE_X29Y11.COUT    Tbyp                  0.118   calcfreq/CurrCount<10>
                                                       calcfreq/Mcount_CurrCount_cy<10>
                                                       calcfreq/Mcount_CurrCount_cy<11>
    SLICE_X29Y12.CIN     net (fanout=1)        0.000   calcfreq/Mcount_CurrCount_cy<11>
    SLICE_X29Y12.COUT    Tbyp                  0.118   calcfreq/CurrCount<12>
                                                       calcfreq/Mcount_CurrCount_cy<12>
                                                       calcfreq/Mcount_CurrCount_cy<13>
    SLICE_X29Y13.CIN     net (fanout=1)        0.000   calcfreq/Mcount_CurrCount_cy<13>
    SLICE_X29Y13.COUT    Tbyp                  0.118   calcfreq/CurrCount<14>
                                                       calcfreq/Mcount_CurrCount_cy<14>
                                                       calcfreq/Mcount_CurrCount_cy<15>
    SLICE_X29Y14.CIN     net (fanout=1)        0.000   calcfreq/Mcount_CurrCount_cy<15>
    SLICE_X29Y14.COUT    Tbyp                  0.118   calcfreq/CurrCount<16>
                                                       calcfreq/Mcount_CurrCount_cy<16>
                                                       calcfreq/Mcount_CurrCount_cy<17>
    SLICE_X29Y15.CIN     net (fanout=1)        0.000   calcfreq/Mcount_CurrCount_cy<17>
    SLICE_X29Y15.COUT    Tbyp                  0.118   calcfreq/CurrCount<18>
                                                       calcfreq/Mcount_CurrCount_cy<18>
                                                       calcfreq/Mcount_CurrCount_cy<19>
    SLICE_X29Y16.CIN     net (fanout=1)        0.000   calcfreq/Mcount_CurrCount_cy<19>
    SLICE_X29Y16.COUT    Tbyp                  0.118   calcfreq/CurrCount<20>
                                                       calcfreq/Mcount_CurrCount_cy<20>
                                                       calcfreq/Mcount_CurrCount_cy<21>
    SLICE_X29Y17.CIN     net (fanout=1)        0.000   calcfreq/Mcount_CurrCount_cy<21>
    SLICE_X29Y17.COUT    Tbyp                  0.118   calcfreq/CurrCount<22>
                                                       calcfreq/Mcount_CurrCount_cy<22>
                                                       calcfreq/Mcount_CurrCount_cy<23>
    SLICE_X29Y18.CIN     net (fanout=1)        0.000   calcfreq/Mcount_CurrCount_cy<23>
    SLICE_X29Y18.COUT    Tbyp                  0.118   calcfreq/CurrCount<24>
                                                       calcfreq/Mcount_CurrCount_cy<24>
                                                       calcfreq/Mcount_CurrCount_cy<25>
    SLICE_X29Y19.CIN     net (fanout=1)        0.000   calcfreq/Mcount_CurrCount_cy<25>
    SLICE_X29Y19.COUT    Tbyp                  0.118   calcfreq/CurrCount<26>
                                                       calcfreq/Mcount_CurrCount_cy<26>
                                                       calcfreq/Mcount_CurrCount_cy<27>
    SLICE_X29Y20.CIN     net (fanout=1)        0.000   calcfreq/Mcount_CurrCount_cy<27>
    SLICE_X29Y20.COUT    Tbyp                  0.118   calcfreq/CurrCount<28>
                                                       calcfreq/Mcount_CurrCount_cy<28>
                                                       calcfreq/Mcount_CurrCount_cy<29>
    SLICE_X29Y21.CIN     net (fanout=1)        0.000   calcfreq/Mcount_CurrCount_cy<29>
    SLICE_X29Y21.COUT    Tbyp                  0.118   calcfreq/CurrCount<30>
                                                       calcfreq/Mcount_CurrCount_cy<30>
                                                       calcfreq/Mcount_CurrCount_cy<31>
    SLICE_X29Y22.CIN     net (fanout=1)        0.000   calcfreq/Mcount_CurrCount_cy<31>
    SLICE_X29Y22.COUT    Tbyp                  0.118   calcfreq/CurrCount<32>
                                                       calcfreq/Mcount_CurrCount_cy<32>
                                                       calcfreq/Mcount_CurrCount_cy<33>
    SLICE_X29Y23.CIN     net (fanout=1)        0.000   calcfreq/Mcount_CurrCount_cy<33>
    SLICE_X29Y23.COUT    Tbyp                  0.118   calcfreq/CurrCount<34>
                                                       calcfreq/Mcount_CurrCount_cy<34>
                                                       calcfreq/Mcount_CurrCount_cy<35>
    SLICE_X29Y24.CIN     net (fanout=1)        0.000   calcfreq/Mcount_CurrCount_cy<35>
    SLICE_X29Y24.COUT    Tbyp                  0.118   calcfreq/CurrCount<36>
                                                       calcfreq/Mcount_CurrCount_cy<36>
                                                       calcfreq/Mcount_CurrCount_cy<37>
    SLICE_X29Y25.CIN     net (fanout=1)        0.000   calcfreq/Mcount_CurrCount_cy<37>
    SLICE_X29Y25.COUT    Tbyp                  0.118   calcfreq/CurrCount<38>
                                                       calcfreq/Mcount_CurrCount_cy<38>
                                                       calcfreq/Mcount_CurrCount_cy<39>
    SLICE_X29Y26.CIN     net (fanout=1)        0.000   calcfreq/Mcount_CurrCount_cy<39>
    SLICE_X29Y26.COUT    Tbyp                  0.118   calcfreq/CurrCount<40>
                                                       calcfreq/Mcount_CurrCount_cy<40>
                                                       calcfreq/Mcount_CurrCount_cy<41>
    SLICE_X29Y27.CIN     net (fanout=1)        0.000   calcfreq/Mcount_CurrCount_cy<41>
    SLICE_X29Y27.CLK     Tcinck                1.002   calcfreq/CurrCount<42>
                                                       calcfreq/Mcount_CurrCount_cy<42>
                                                       calcfreq/Mcount_CurrCount_xor<43>
                                                       calcfreq/CurrCount_43
    -------------------------------------------------  ---------------------------
    Total                                      5.816ns (4.950ns logic, 0.866ns route)
                                                       (85.1% logic, 14.9% route)

--------------------------------------------------------------------------------
Slack (setup path):     34.221ns (requirement - (data path - clock path skew + uncertainty))
  Source:               calcfreq/CurrCount_0 (FF)
  Destination:          calcfreq/CurrCount_43 (FF)
  Requirement:          40.000ns
  Data Path Delay:      5.771ns (Levels of Logic = 22)
  Clock Path Skew:      -0.008ns (0.026 - 0.034)
  Source Clock:         CLK_BUFGP rising at 0.000ns
  Destination Clock:    CLK_BUFGP rising at 40.000ns
  Clock Uncertainty:    0.000ns

  Maximum Data Path: calcfreq/CurrCount_0 to calcfreq/CurrCount_43
    Location             Delay type         Delay(ns)  Physical Resource
                                                       Logical Resource(s)
    -------------------------------------------------  -------------------
    SLICE_X29Y6.XQ       Tcko                  0.591   calcfreq/CurrCount<0>
                                                       calcfreq/CurrCount_0
    SLICE_X29Y6.F1       net (fanout=6)        0.656   calcfreq/CurrCount<0>
    SLICE_X29Y6.COUT     Topcyf                1.162   calcfreq/CurrCount<0>
                                                       calcfreq/Mcount_CurrCount_lut<0>_INV_0
                                                       calcfreq/Mcount_CurrCount_cy<0>
                                                       calcfreq/Mcount_CurrCount_cy<1>
    SLICE_X29Y7.CIN      net (fanout=1)        0.000   calcfreq/Mcount_CurrCount_cy<1>
    SLICE_X29Y7.COUT     Tbyp                  0.118   calcfreq/CurrCount<2>
                                                       calcfreq/Mcount_CurrCount_cy<2>
                                                       calcfreq/Mcount_CurrCount_cy<3>
    SLICE_X29Y8.CIN      net (fanout=1)        0.000   calcfreq/Mcount_CurrCount_cy<3>
    SLICE_X29Y8.COUT     Tbyp                  0.118   calcfreq/CurrCount<4>
                                                       calcfreq/Mcount_CurrCount_cy<4>
                                                       calcfreq/Mcount_CurrCount_cy<5>
    SLICE_X29Y9.CIN      net (fanout=1)        0.000   calcfreq/Mcount_CurrCount_cy<5>
    SLICE_X29Y9.COUT     Tbyp                  0.118   calcfreq/CurrCount<6>
                                                       calcfreq/Mcount_CurrCount_cy<6>
                                                       calcfreq/Mcount_CurrCount_cy<7>
    SLICE_X29Y10.CIN     net (fanout=1)        0.000   calcfreq/Mcount_CurrCount_cy<7>
    SLICE_X29Y10.COUT    Tbyp                  0.118   calcfreq/CurrCount<8>
                                                       calcfreq/Mcount_CurrCount_cy<8>
                                                       calcfreq/Mcount_CurrCount_cy<9>
    SLICE_X29Y11.CIN     net (fanout=1)        0.000   calcfreq/Mcount_CurrCount_cy<9>
    SLICE_X29Y11.COUT    Tbyp                  0.118   calcfreq/CurrCount<10>
                                                       calcfreq/Mcount_CurrCount_cy<10>
                                                       calcfreq/Mcount_CurrCount_cy<11>
    SLICE_X29Y12.CIN     net (fanout=1)        0.000   calcfreq/Mcount_CurrCount_cy<11>
    SLICE_X29Y12.COUT    Tbyp                  0.118   calcfreq/CurrCount<12>
                                                       calcfreq/Mcount_CurrCount_cy<12>
                                                       calcfreq/Mcount_CurrCount_cy<13>
    SLICE_X29Y13.CIN     net (fanout=1)        0.000   calcfreq/Mcount_CurrCount_cy<13>
    SLICE_X29Y13.COUT    Tbyp                  0.118   calcfreq/CurrCount<14>
                                                       calcfreq/Mcount_CurrCount_cy<14>
                                                       calcfreq/Mcount_CurrCount_cy<15>
    SLICE_X29Y14.CIN     net (fanout=1)        0.000   calcfreq/Mcount_CurrCount_cy<15>
    SLICE_X29Y14.COUT    Tbyp                  0.118   calcfreq/CurrCount<16>
                                                       calcfreq/Mcount_CurrCount_cy<16>
                                                       calcfreq/Mcount_CurrCount_cy<17>
    SLICE_X29Y15.CIN     net (fanout=1)        0.000   calcfreq/Mcount_CurrCount_cy<17>
    SLICE_X29Y15.COUT    Tbyp                  0.118   calcfreq/CurrCount<18>
                                                       calcfreq/Mcount_CurrCount_cy<18>
                                                       calcfreq/Mcount_CurrCount_cy<19>
    SLICE_X29Y16.CIN     net (fanout=1)        0.000   calcfreq/Mcount_CurrCount_cy<19>
    SLICE_X29Y16.COUT    Tbyp                  0.118   calcfreq/CurrCount<20>
                                                       calcfreq/Mcount_CurrCount_cy<20>
                                                       calcfreq/Mcount_CurrCount_cy<21>
    SLICE_X29Y17.CIN     net (fanout=1)        0.000   calcfreq/Mcount_CurrCount_cy<21>
    SLICE_X29Y17.COUT    Tbyp                  0.118   calcfreq/CurrCount<22>
                                                       calcfreq/Mcount_CurrCount_cy<22>
                                                       calcfreq/Mcount_CurrCount_cy<23>
    SLICE_X29Y18.CIN     net (fanout=1)        0.000   calcfreq/Mcount_CurrCount_cy<23>
    SLICE_X29Y18.COUT    Tbyp                  0.118   calcfreq/CurrCount<24>
                                                       calcfreq/Mcount_CurrCount_cy<24>
                                                       calcfreq/Mcount_CurrCount_cy<25>
    SLICE_X29Y19.CIN     net (fanout=1)        0.000   calcfreq/Mcount_CurrCount_cy<25>
    SLICE_X29Y19.COUT    Tbyp                  0.118   calcfreq/CurrCount<26>
                                                       calcfreq/Mcount_CurrCount_cy<26>
                                                       calcfreq/Mcount_CurrCount_cy<27>
    SLICE_X29Y20.CIN     net (fanout=1)        0.000   calcfreq/Mcount_CurrCount_cy<27>
    SLICE_X29Y20.COUT    Tbyp                  0.118   calcfreq/CurrCount<28>
                                                       calcfreq/Mcount_CurrCount_cy<28>
                                                       calcfreq/Mcount_CurrCount_cy<29>
    SLICE_X29Y21.CIN     net (fanout=1)        0.000   calcfreq/Mcount_CurrCount_cy<29>
    SLICE_X29Y21.COUT    Tbyp                  0.118   calcfreq/CurrCount<30>
                                                       calcfreq/Mcount_CurrCount_cy<30>
                                                       calcfreq/Mcount_CurrCount_cy<31>
    SLICE_X29Y22.CIN     net (fanout=1)        0.000   calcfreq/Mcount_CurrCount_cy<31>
    SLICE_X29Y22.COUT    Tbyp                  0.118   calcfreq/CurrCount<32>
                                                       calcfreq/Mcount_CurrCount_cy<32>
                                                       calcfreq/Mcount_CurrCount_cy<33>
    SLICE_X29Y23.CIN     net (fanout=1)        0.000   calcfreq/Mcount_CurrCount_cy<33>
    SLICE_X29Y23.COUT    Tbyp                  0.118   calcfreq/CurrCount<34>
                                                       calcfreq/Mcount_CurrCount_cy<34>
                                                       calcfreq/Mcount_CurrCount_cy<35>
    SLICE_X29Y24.CIN     net (fanout=1)        0.000   calcfreq/Mcount_CurrCount_cy<35>
    SLICE_X29Y24.COUT    Tbyp                  0.118   calcfreq/CurrCount<36>
                                                       calcfreq/Mcount_CurrCount_cy<36>
                                                       calcfreq/Mcount_CurrCount_cy<37>
    SLICE_X29Y25.CIN     net (fanout=1)        0.000   calcfreq/Mcount_CurrCount_cy<37>
    SLICE_X29Y25.COUT    Tbyp                  0.118   calcfreq/CurrCount<38>
                                                       calcfreq/Mcount_CurrCount_cy<38>
                                                       calcfreq/Mcount_CurrCount_cy<39>
    SLICE_X29Y26.CIN     net (fanout=1)        0.000   calcfreq/Mcount_CurrCount_cy<39>
    SLICE_X29Y26.COUT    Tbyp                  0.118   calcfreq/CurrCount<40>
                                                       calcfreq/Mcount_CurrCount_cy<40>
                                                       calcfreq/Mcount_CurrCount_cy<41>
    SLICE_X29Y27.CIN     net (fanout=1)        0.000   calcfreq/Mcount_CurrCount_cy<41>
    SLICE_X29Y27.CLK     Tcinck                1.002   calcfreq/CurrCount<42>
                                                       calcfreq/Mcount_CurrCount_cy<42>
                                                       calcfreq/Mcount_CurrCount_xor<43>
                                                       calcfreq/CurrCount_43
    -------------------------------------------------  ---------------------------
    Total                                      5.771ns (5.115ns logic, 0.656ns route)
                                                       (88.6% logic, 11.4% route)

--------------------------------------------------------------------------------

Hold Paths: NET "CLK_BUFGP/IBUFG" PERIOD = 40 ns HIGH 50%;
--------------------------------------------------------------------------------

Paths for end point control/PS_FSM_FFd10 (SLICE_X22Y23.BX), 1 path
--------------------------------------------------------------------------------
Slack (hold path):      0.986ns (requirement - (clock path skew + uncertainty - data path))
  Source:               control/PS_FSM_FFd11 (FF)
  Destination:          control/PS_FSM_FFd10 (FF)
  Requirement:          0.000ns
  Data Path Delay:      0.986ns (Levels of Logic = 0)
  Clock Path Skew:      0.000ns
  Source Clock:         CLK_BUFGP rising at 40.000ns
  Destination Clock:    CLK_BUFGP rising at 40.000ns
  Clock Uncertainty:    0.000ns

  Minimum Data Path: control/PS_FSM_FFd11 to control/PS_FSM_FFd10
    Location             Delay type         Delay(ns)  Physical Resource
                                                       Logical Resource(s)
    -------------------------------------------------  -------------------
    SLICE_X23Y25.YQ      Tcko                  0.470   control/PS_FSM_FFd11
                                                       control/PS_FSM_FFd11
    SLICE_X22Y23.BX      net (fanout=2)        0.382   control/PS_FSM_FFd11
    SLICE_X22Y23.CLK     Tckdi       (-Th)    -0.134   control/PS_FSM_FFd10
                                                       control/PS_FSM_FFd10
    -------------------------------------------------  ---------------------------
    Total                                      0.986ns (0.604ns logic, 0.382ns route)
                                                       (61.3% logic, 38.7% route)

--------------------------------------------------------------------------------

Paths for end point control/PS_FSM_FFd11 (SLICE_X23Y25.G4), 1 path
--------------------------------------------------------------------------------
Slack (hold path):      1.324ns (requirement - (clock path skew + uncertainty - data path))
  Source:               control/PS_FSM_FFd11 (FF)
  Destination:          control/PS_FSM_FFd11 (FF)
  Requirement:          0.000ns
  Data Path Delay:      1.324ns (Levels of Logic = 1)
  Clock Path Skew:      0.000ns
  Source Clock:         CLK_BUFGP rising at 40.000ns
  Destination Clock:    CLK_BUFGP rising at 40.000ns
  Clock Uncertainty:    0.000ns

  Minimum Data Path: control/PS_FSM_FFd11 to control/PS_FSM_FFd11
    Location             Delay type         Delay(ns)  Physical Resource
                                                       Logical Resource(s)
    -------------------------------------------------  -------------------
    SLICE_X23Y25.YQ      Tcko                  0.470   control/PS_FSM_FFd11
                                                       control/PS_FSM_FFd11
    SLICE_X23Y25.G4      net (fanout=2)        0.338   control/PS_FSM_FFd11
    SLICE_X23Y25.CLK     Tckg        (-Th)    -0.516   control/PS_FSM_FFd11
                                                       control/PS_FSM_FFd11-In1
                                                       control/PS_FSM_FFd11
    -------------------------------------------------  ---------------------------
    Total                                      1.324ns (0.986ns logic, 0.338ns route)
                                                       (74.5% logic, 25.5% route)

--------------------------------------------------------------------------------

Paths for end point control/PS_FSM_FFd4 (SLICE_X25Y30.F4), 1 path
--------------------------------------------------------------------------------
Slack (hold path):      1.420ns (requirement - (clock path skew + uncertainty - data path))
  Source:               control/PS_FSM_FFd6 (FF)
  Destination:          control/PS_FSM_FFd4 (FF)
  Requirement:          0.000ns
  Data Path Delay:      1.420ns (Levels of Logic = 1)
  Clock Path Skew:      0.000ns
  Source Clock:         CLK_BUFGP rising at 40.000ns
  Destination Clock:    CLK_BUFGP rising at 40.000ns
  Clock Uncertainty:    0.000ns

  Minimum Data Path: control/PS_FSM_FFd6 to control/PS_FSM_FFd4
    Location             Delay type         Delay(ns)  Physical Resource
                                                       Logical Resource(s)
    -------------------------------------------------  -------------------
    SLICE_X25Y31.XQ      Tcko                  0.473   control/PS_FSM_FFd6
                                                       control/PS_FSM_FFd6
    SLICE_X25Y30.F4      net (fanout=6)        0.431   control/PS_FSM_FFd6
    SLICE_X25Y30.CLK     Tckf        (-Th)    -0.516   control/PS_FSM_FFd4
                                                       control/PS_FSM_FFd4-In1
                                                       control/PS_FSM_FFd4
    -------------------------------------------------  ---------------------------
    Total                                      1.420ns (0.989ns logic, 0.431ns route)
                                                       (69.6% logic, 30.4% route)

--------------------------------------------------------------------------------

Component Switching Limit Checks: NET "CLK_BUFGP/IBUFG" PERIOD = 40 ns HIGH 50%;
--------------------------------------------------------------------------------
Slack: 38.348ns (period - (min low pulse limit / (low pulse / period)))
  Period: 40.000ns
  Low pulse: 20.000ns
  Low pulse limit: 0.826ns (Tcl)
  Physical resource: control/PS_FSM_FFd12/CLK
  Logical resource: control/PS_FSM_FFd12/CK
  Location pin: SLICE_X22Y14.CLK
  Clock network: CLK_BUFGP
--------------------------------------------------------------------------------
Slack: 38.348ns (period - (min high pulse limit / (high pulse / period)))
  Period: 40.000ns
  High pulse: 20.000ns
  High pulse limit: 0.826ns (Tch)
  Physical resource: control/PS_FSM_FFd12/CLK
  Logical resource: control/PS_FSM_FFd12/CK
  Location pin: SLICE_X22Y14.CLK
  Clock network: CLK_BUFGP
--------------------------------------------------------------------------------
Slack: 38.348ns (period - min period limit)
  Period: 40.000ns
  Min period limit: 1.652ns (605.327MHz) (Tcp)
  Physical resource: control/PS_FSM_FFd12/CLK
  Logical resource: control/PS_FSM_FFd12/CK
  Location pin: SLICE_X22Y14.CLK
  Clock network: CLK_BUFGP
--------------------------------------------------------------------------------


All constraints were met.


Data Sheet report:
-----------------
All values displayed in nanoseconds (ns)

Clock to Setup on destination clock CLK
---------------+---------+---------+---------+---------+
               | Src:Rise| Src:Fall| Src:Rise| Src:Fall|
Source Clock   |Dest:Rise|Dest:Rise|Dest:Fall|Dest:Fall|
---------------+---------+---------+---------+---------+
CLK            |    6.141|         |         |         |
---------------+---------+---------+---------+---------+


Timing summary:
---------------

Timing errors: 0  Score: 0  (Setup/Max: 0, Hold: 0)

Constraints cover 1336 paths, 0 nets, and 198 connections

Design statistics:
   Minimum period:   6.141ns{1}   (Maximum frequency: 162.840MHz)


------------------------------------Footnotes-----------------------------------
1)  The minimum period statistic assumes all single cycle delays.

Analysis completed Fri Aug 23 23:12:11 2013 
--------------------------------------------------------------------------------

Trace Settings:
-------------------------
Trace Settings 

Peak Memory Usage: 163 MB



